Microchip MPLAB XC8 Compiler V2.20

Linker command line:

-W-3 --edf=C:\Program Files\Microchip\xc8\v2.20\pic\dat\en_msgs.txt -cn \
  -h+dist/default/production\Lab3.X.production.sym \
  --cmf=dist/default/production\Lab3.X.production.cmf -z -Q16F887 \
  -oC:\Users\Carlo\AppData\Local\Temp\secg.2 --defsym=__MPLAB_BUILD=1 \
  -Mdist/default/production/Lab3.X.production.map -E1 -ver=XC8 Compiler \
  --acfsm=1493 -ASTACK=0110h-016Fh -pstack=STACK -ACODE=00h-07FFhx4 \
  -ASTRCODE=00h-01FFFh -ASTRING=00h-0FFhx32 -ACONST=00h-0FFhx32 \
  -AENTRY=00h-0FFhx32 -ACOMMON=070h-07Fh -ABANK0=020h-06Fh \
  -ABANK1=0A0h-0EFh -ABANK2=0110h-016Fh -ABANK3=0190h-01EFh \
  -ARAM=020h-06Fh,0A0h-0EFh,0110h-016Fh,0190h-01EFh \
  -AABS1=020h-07Fh,0A0h-0EFh,0110h-016Fh,0190h-01EFh -ASFR0=00h-01Fh \
  -ASFR1=080h-09Fh -ASFR2=0100h-010Fh -ASFR3=0180h-018Fh \
  -ACONFIG=02007h-02008h -DCONFIG=2 -AIDLOC=02000h-02003h -DIDLOC=2 \
  -preset_vec=00h,intentry=04h,init,end_init -ppowerup=CODE -pcinit=CODE \
  -pfunctab=ENTRY -AEEDATA=00h-0FFh/02100h -peeprom_data=EEDATA -DEEDATA=2 \
  -DCODE=2 -DSTRCODE=2 -DSTRING=2 -DCONST=2 -DENTRY=2 -k \
  C:\Users\Carlo\AppData\Local\Temp\secg.o \
  dist/default/production\Lab3.X.production.o 

Object code version is 3.11

Machine type is 16F887



                Name                               Link     Load   Length Selector   Space Scale
C:\Users\Carlo\AppData\Local\Temp\secg.o
                end_init                             10       10        3        8       0
                reset_vec                             0        0        3        0       0
                config                             2007     2007        2        0       4
dist/default/production\Lab3.X.production.o
                cinit                                13       13       12        8       0
                intentry                              4        4        C        8       0
                config                             2007     2007        2        0       4
                text13                              1CD      1CD       2F        8       0
                text12                               25       25       A6        8       0
                text11                              16A      16A       34        8       0
                text10                              2F9      2F9        6      538       0
                text9                               2B5      2B5       18      538       0
                text8                               29C      29C       19      538       0
                text7                               1FC      1FC       2E        8       0
                text6                               2E3      2E3       16      538       0
                text5                               254      254       29        8       0
                text4                               22A      22A       2A        8       0
                text3                               2CD      2CD       16      538       0
                text2                               133      133       37        8       0
                text1                               19E      19E       2F        8       0
                maintext                             CB       CB       68        8       0
                cstackBANK0                          29       29        3       20       1
                cstackCOMMON                         70       70        8       70       1
                bssBANK0                             20       20        9       20       1
                bssCOMMON                            78       78        3       70       1
                strings                             27D      27D       1F      4FA       0

TOTAL           Name                               Link     Load   Length     Space
        CLASS   STACK          

        CLASS   CODE           
                end_init                             10       10        3         0
                cinit                                13       13       12         0
                intentry                              4        4        C         0
                reset_vec                             0        0        3         0
                text13                              1CD      1CD       2F         0
                text12                               25       25       A6         0
                text11                              16A      16A       34         0
                text10                              2F9      2F9        6         0
                text9                               2B5      2B5       18         0
                text8                               29C      29C       19         0
                text7                               1FC      1FC       2E         0
                text6                               2E3      2E3       16         0
                text5                               254      254       29         0
                text4                               22A      22A       2A         0
                text3                               2CD      2CD       16         0
                text2                               133      133       37         0
                text1                               19E      19E       2F         0
                maintext                             CB       CB       68         0

        CLASS   STRCODE        

        CLASS   STRING         
                strings                             27D      27D       1F         0

        CLASS   CONST          

        CLASS   ENTRY          

        CLASS   COMMON         
                cstackCOMMON                         70       70        8         1
                bssCOMMON                            78       78        3         1

        CLASS   BANK0          
                cstackBANK0                          29       29        3         1
                bssBANK0                             20       20        9         1

        CLASS   BANK1          

        CLASS   BANK2          

        CLASS   BANK3          

        CLASS   RAM            

        CLASS   ABS1           
                abs_s1                               7E       7E        2         1

        CLASS   SFR0           

        CLASS   SFR1           

        CLASS   SFR2           

        CLASS   SFR3           

        CLASS   CONFIG         
                config                             2007     2007        2         4

        CLASS   IDLOC          

        CLASS   EEDATA         



SEGMENTS        Name                           Load    Length   Top    Selector   Space  Class     Delta

                reset_vec                      000000  000003  000003         0       0  CODE        2
                intentry                       000004  000279  00027D         8       0  CODE        2
                bssBANK0                       000020  00000C  00002C        20       1  BANK0       1
                cstackCOMMON                   000070  00000B  00007B        70       1  COMMON      1
                strings                        00027D  00001F  00029C       4FA       0  STRING      2
                text8                          00029C  000063  0002FF       538       0  CODE        2


UNUSED ADDRESS RANGES

        Name                Unused          Largest block    Delta
        BANK0            002C-006F             44           1
        BANK1            00A0-00EF             50           1
        BANK2            0110-016F             60           1
        BANK3            0190-01EF             60           1
        CODE             0003-0003              1           2
                         02FF-1FFF            800
        COMMON           007B-007D              3           1
        CONST            0003-0003              1           2
                         02FF-1FFF            100
        EEDATA           2100-21FF            100           2
        ENTRY            0003-0003              1           2
                         02FF-1FFF            100
        IDLOC            2000-2003              4           2
        RAM              002C-006F             44           1
                         00A0-00EF             50
                         0110-016F             60
                         0190-01EF             60
        SFR0             0000-001F             20           1
        SFR1             0080-009F             20           1
        SFR2             0100-010F             10           1
        SFR3             0180-018F             10           1
        STACK            0110-016F             60           1
        STRCODE          0003-0003              1           2
                         02FF-1FFF           1D01
        STRING           0003-0003              1           2
                         02FF-1FFF            100

                                  Symbol Table

ADCinit@chan               cstackCOMMON 0073
ADCinit@vel                cstackCOMMON 0076
Lcd_Cmd@a                  cstackCOMMON 0076
Lcd_Port@a                 cstackCOMMON 0073
Lcd_Set_Cursor@a           cstackBANK0  0029
Lcd_Set_Cursor@b           cstackCOMMON 0077
Lcd_Set_Cursor@temp        cstackBANK0  002A
Lcd_Set_Cursor@z           cstackBANK0  002B
Lcd_Write_Char@a           cstackCOMMON 0075
Lcd_Write_String@a         cstackBANK0  002B
Lcd_Write_String@i         cstackBANK0  0029
_ADCON0bits                (abs)        001F
_ADCON1                    (abs)        009F
_ADC_LEER                  text11       016A
_ADCinit                   text12       0025
_ADRESH                    (abs)        001E
_ANSEL                     (abs)        0188
_ANSELH                    (abs)        0189
_ANSELbits                 (abs)        0188
_BAUDCTLbits               (abs)        0187
_CONT                      bssBANK0     0020
_INTCONbits                (abs)        000B
_ISR                       text13       01CD
_Lcd_Cmd                   text9        02B5
_Lcd_Init                  text8        029C
_Lcd_Port                  text10       02F9
_Lcd_Set_Cursor            text7        01FC
_Lcd_Write_Char            text6        02E3
_Lcd_Write_String          text5        0254
_OPTION_REG                (abs)        0081
_OSCCONbits                (abs)        008F
_PIE1bits                  (abs)        008C
_PIR1bits                  (abs)        000C
_PORTA                     (abs)        0005
_PORTB                     (abs)        0006
_PORTBbits                 (abs)        0006
_PORTC                     (abs)        0007
_PORTD                     (abs)        0008
_RCREG                     (abs)        001A
_RCSTAbits                 (abs)        0018
_SPBRG                     (abs)        0099
_SPBRGH                    (abs)        009A
_Setup                     text4        022A
_TMR0                      (abs)        0001
_TRISA                     (abs)        0085
_TRISB                     (abs)        0086
_TRISC                     (abs)        0087
_TRISD                     (abs)        0088
_TXREG                     (abs)        0019
_TXSTAbits                 (abs)        0098
_USARTconf                 text3        02CD
__Habs1                    abs1         0000
__Hbank0                   bank0        0000
__Hbank1                   bank1        0000
__Hbank2                   bank2        0000
__Hbank3                   bank3        0000
__HbssBANK0                bssBANK0     0000
__HbssCOMMON               bssCOMMON    0000
__Hcinit                   cinit        0025
__Hclrtext                 clrtext      0000
__Hcode                    code         0000
__Hcommon                  common       0000
__Hconfig                  config       2009
__HcstackBANK0             cstackBANK0  0000
__HcstackCOMMON            cstackCOMMON 0000
__Heeprom_data             eeprom_data  0000
__Hend_init                end_init     0013
__Hfunctab                 functab      0000
__Hinit                    init         0010
__Hintentry                intentry     0010
__Hmaintext                maintext     0000
__Hpowerup                 powerup      0000
__Hram                     ram          0000
__Hreset_vec               reset_vec    0003
__Hsfr0                    sfr0         0000
__Hsfr1                    sfr1         0000
__Hsfr2                    sfr2         0000
__Hsfr3                    sfr3         0000
__Hspace_0                 (abs)        02FF
__Hspace_1                 (abs)        007B
__Hspace_2                 (abs)        0000
__Hspace_3                 (abs)        0000
__Hspace_4                 (abs)        4010
__Hstack                   stack        0000
__Hstrings                 strings      0000
__Htext                    text         0000
__Labs1                    abs1         0000
__Lbank0                   bank0        0000
__Lbank1                   bank1        0000
__Lbank2                   bank2        0000
__Lbank3                   bank3        0000
__LbssBANK0                bssBANK0     0000
__LbssCOMMON               bssCOMMON    0000
__Lcinit                   cinit        0013
__Lclrtext                 clrtext      0000
__Lcode                    code         0000
__Lcommon                  common       0000
__Lconfig                  config       0000
__LcstackBANK0             cstackBANK0  0000
__LcstackCOMMON            cstackCOMMON 0000
__Leeprom_data             eeprom_data  0000
__Lend_init                end_init     0010
__Lfunctab                 functab      0000
__Linit                    init         0010
__Lintentry                intentry     0004
__Lmaintext                maintext     0000
__Lpowerup                 powerup      0000
__Lram                     ram          0000
__Lreset_vec               reset_vec    0000
__Lsfr0                    sfr0         0000
__Lsfr1                    sfr1         0000
__Lsfr2                    sfr2         0000
__Lsfr3                    sfr3         0000
__Lspace_0                 (abs)        0000
__Lspace_1                 (abs)        0000
__Lspace_2                 (abs)        0000
__Lspace_3                 (abs)        0000
__Lspace_4                 (abs)        0000
__Lstack                   stack        0000
__Lstrings                 strings      0000
__Ltext                    text         0000
__S0                       (abs)        02FF
__S1                       (abs)        007B
__S2                       (abs)        0000
__S3                       (abs)        0000
___int_sp                  stack        0000
___latbits                 (abs)        0002
___sp                      stack        0000
___stackhi                 (abs)        0000
___stacklo                 (abs)        0000
__end_of_ADC_LEER          text11       019E
__end_of_ADCinit           text12       00CB
__end_of_ISR               text13       01FC
__end_of_Lcd_Cmd           text9        02CD
__end_of_Lcd_Init          text8        02B5
__end_of_Lcd_Port          text10       02FF
__end_of_Lcd_Set_Cursor    text7        022A
__end_of_Lcd_Write_Char    text6        02F9
__end_of_Lcd_Write_String  text5        027D
__end_of_Setup             text4        0254
__end_of_USARTconf         text3        02E3
__end_of__initialization   cinit        0021
__end_of__stringtab        strings      0283
__end_of_debounce_T        text2        016A
__end_of_initOsc           text1        01CD
__end_of_main              maintext     0133
__initialization           cinit        0013
__pbssBANK0                bssBANK0     0020
__pbssCOMMON               bssCOMMON    0078
__pcstackBANK0             cstackBANK0  0029
__pcstackCOMMON            cstackCOMMON 0070
__pintentry                intentry     0004
__pmaintext                maintext     00CB
__pstrings                 strings      027D
__ptext1                   text1        019E
__ptext10                  text10       02F9
__ptext11                  text11       016A
__ptext12                  text12       0025
__ptext13                  text13       01CD
__ptext2                   text2        0133
__ptext3                   text3        02CD
__ptext4                   text4        022A
__ptext5                   text5        0254
__ptext6                   text6        02E3
__ptext7                   text7        01FC
__ptext8                   text8        029C
__ptext9                   text9        02B5
__size_of_ADC_LEER         (abs)        0000
__size_of_ADCinit          (abs)        0000
__size_of_ISR              (abs)        0000
__size_of_Lcd_Cmd          (abs)        0000
__size_of_Lcd_Init         (abs)        0000
__size_of_Lcd_Port         (abs)        0000
__size_of_Lcd_Set_Cursor   (abs)        0000
__size_of_Lcd_Write_Char   (abs)        0000
__size_of_Lcd_Write_String (abs)        0000
__size_of_Setup            (abs)        0000
__size_of_USARTconf        (abs)        0000
__size_of_debounce_T       (abs)        0000
__size_of_initOsc          (abs)        0000
__size_of_main             (abs)        0000
__stringbase               strings      0282
__stringtab                strings      027D
_debounce_T                text2        0133
_flag_T                    bssBANK0     0023
_flag_T2                   bssBANK0     0022
_go_adc                    bssCOMMON    007A
_initOsc                   text1        019E
_lec_ADC                   bssCOMMON    0079
_main                      maintext     00CB
_pot1                      bssBANK0     0025
_pot2                      bssBANK0     0024
_terminal                  bssCOMMON    0078
_toggle                    bssBANK0     0028
btemp                      (abs)        007E
end_of_initialization      cinit        0021
initOsc@frec               cstackCOMMON 0075
interrupt_function         intentry     0004
intlevel0                  functab      0000
intlevel1                  functab      0000
intlevel2                  functab      0000
intlevel3                  functab      0000
intlevel4                  functab      0000
intlevel5                  functab      0000
reset_vec                  reset_vec    0000
saved_w                    (abs)        007E
start                      init         0010
start_initialization       cinit        0013
wtemp0                     (abs)        007E


FUNCTION INFORMATION:

 *************** function _main *****************
 Defined at:
		line 88 in file "C:/Users/Carlo/OneDrive/Documentos/Quinto Semestre/Digital2/Lab3.X/main.c"
 Parameters:    Size  Location     Type
		None
 Auto vars:     Size  Location     Type
		None
 Return value:  Size  Location     Type
                  1    wreg      void 
 Registers used:
		wreg, fsr0l, fsr0h, status,2, status,0, btemp+1, pclath, cstack
 Tracked objects:
		On entry : 
		On exit  : 
		Unchanged: 
 Data sizes:     COMMON   BANK0   BANK1   BANK3   BANK2
      Params:         0       0       0       0       0
      Locals:         0       0       0       0       0
      Temps:          0       0       0       0       0
      Totals:         0       0       0       0       0
Total ram usage:        0 bytes
 Hardware stack levels required when called:    4
 This function calls:
		_ADC_LEER
		_ADCinit
		_Lcd_Cmd
		_Lcd_Init
		_Lcd_Set_Cursor
		_Lcd_Write_String
		_Setup
		_USARTconf
		_debounce_T
		_initOsc
 This function is called by:
		Startup code after reset
 This function uses a non-reentrant model


 *************** function _initOsc *****************
 Defined at:
		line 7 in file "C:/Users/Carlo/OneDrive/Documentos/Quinto Semestre/Digital2/Lab3.X/Osc.c"
 Parameters:    Size  Location     Type
  frec            1    wreg     unsigned char 
 Auto vars:     Size  Location     Type
  frec            1    5[COMMON] unsigned char 
 Return value:  Size  Location     Type
                  1    wreg      void 
 Registers used:
		wreg, fsr0l, fsr0h, status,2, status,0
 Tracked objects:
		On entry : 
		On exit  : 
		Unchanged: 
 Data sizes:     COMMON   BANK0   BANK1   BANK3   BANK2
      Params:         0       0       0       0       0
      Locals:         1       0       0       0       0
      Temps:          2       0       0       0       0
      Totals:         3       0       0       0       0
Total ram usage:        3 bytes
 Hardware stack levels used:    1
 Hardware stack levels required when called:    1
 This function calls:
		Nothing
 This function is called by:
		_main
 This function uses a non-reentrant model


 *************** function _debounce_T *****************
 Defined at:
		line 169 in file "C:/Users/Carlo/OneDrive/Documentos/Quinto Semestre/Digital2/Lab3.X/main.c"
 Parameters:    Size  Location     Type
		None
 Auto vars:     Size  Location     Type
		None
 Return value:  Size  Location     Type
                  1    wreg      void 
 Registers used:
		wreg, status,2, status,0, btemp+1
 Tracked objects:
		On entry : 
		On exit  : 
		Unchanged: 
 Data sizes:     COMMON   BANK0   BANK1   BANK3   BANK2
      Params:         0       0       0       0       0
      Locals:         0       0       0       0       0
      Temps:          0       0       0       0       0
      Totals:         0       0       0       0       0
Total ram usage:        0 bytes
 Hardware stack levels used:    1
 Hardware stack levels required when called:    1
 This function calls:
		Nothing
 This function is called by:
		_main
 This function uses a non-reentrant model


 *************** function _USARTconf *****************
 Defined at:
		line 3 in file "C:/Users/Carlo/OneDrive/Documentos/Quinto Semestre/Digital2/Lab3.X/usartP.c"
 Parameters:    Size  Location     Type
		None
 Auto vars:     Size  Location     Type
		None
 Return value:  Size  Location     Type
                  1    wreg      void 
 Registers used:
		wreg, status,2
 Tracked objects:
		On entry : 
		On exit  : 
		Unchanged: 
 Data sizes:     COMMON   BANK0   BANK1   BANK3   BANK2
      Params:         0       0       0       0       0
      Locals:         0       0       0       0       0
      Temps:          0       0       0       0       0
      Totals:         0       0       0       0       0
Total ram usage:        0 bytes
 Hardware stack levels used:    1
 Hardware stack levels required when called:    1
 This function calls:
		Nothing
 This function is called by:
		_main
 This function uses a non-reentrant model


 *************** function _Setup *****************
 Defined at:
		line 114 in file "C:/Users/Carlo/OneDrive/Documentos/Quinto Semestre/Digital2/Lab3.X/main.c"
 Parameters:    Size  Location     Type
		None
 Auto vars:     Size  Location     Type
		None
 Return value:  Size  Location     Type
                  1    wreg      void 
 Registers used:
		wreg, status,2
 Tracked objects:
		On entry : 
		On exit  : 
		Unchanged: 
 Data sizes:     COMMON   BANK0   BANK1   BANK3   BANK2
      Params:         0       0       0       0       0
      Locals:         0       0       0       0       0
      Temps:          0       0       0       0       0
      Totals:         0       0       0       0       0
Total ram usage:        0 bytes
 Hardware stack levels used:    1
 Hardware stack levels required when called:    1
 This function calls:
		Nothing
 This function is called by:
		_main
 This function uses a non-reentrant model


 *************** function _Lcd_Write_String *****************
 Defined at:
		line 63 in file "C:/Users/Carlo/OneDrive/Documentos/Quinto Semestre/Digital2/Lab3.X/LCD8BIT.c"
 Parameters:    Size  Location     Type
  a               1    wreg     PTR unsigned char 
		 -> STR_2(10), STR_1(15), 
 Auto vars:     Size  Location     Type
  a               1    2[BANK0 ] PTR unsigned char 
		 -> STR_2(10), STR_1(15), 
  i               2    0[BANK0 ] int 
 Return value:  Size  Location     Type
                  1    wreg      void 
 Registers used:
		wreg, fsr0l, fsr0h, status,2, status,0, pclath, cstack
 Tracked objects:
		On entry : 
		On exit  : 
		Unchanged: 
 Data sizes:     COMMON   BANK0   BANK1   BANK3   BANK2
      Params:         0       0       0       0       0
      Locals:         0       3       0       0       0
      Temps:          0       0       0       0       0
      Totals:         0       3       0       0       0
Total ram usage:        3 bytes
 Hardware stack levels used:    1
 Hardware stack levels required when called:    3
 This function calls:
		_Lcd_Write_Char
 This function is called by:
		_main
 This function uses a non-reentrant model


 *************** function _Lcd_Write_Char *****************
 Defined at:
		line 53 in file "C:/Users/Carlo/OneDrive/Documentos/Quinto Semestre/Digital2/Lab3.X/LCD8BIT.c"
 Parameters:    Size  Location     Type
  a               1    wreg     unsigned char 
 Auto vars:     Size  Location     Type
  a               1    5[COMMON] unsigned char 
 Return value:  Size  Location     Type
                  1    wreg      void 
 Registers used:
		wreg, status,2, status,0, pclath, cstack
 Tracked objects:
		On entry : 
		On exit  : 
		Unchanged: 
 Data sizes:     COMMON   BANK0   BANK1   BANK3   BANK2
      Params:         0       0       0       0       0
      Locals:         1       0       0       0       0
      Temps:          1       0       0       0       0
      Totals:         2       0       0       0       0
Total ram usage:        2 bytes
 Hardware stack levels used:    1
 Hardware stack levels required when called:    2
 This function calls:
		_Lcd_Port
 This function is called by:
		_Lcd_Write_String
 This function uses a non-reentrant model


 *************** function _Lcd_Set_Cursor *****************
 Defined at:
		line 35 in file "C:/Users/Carlo/OneDrive/Documentos/Quinto Semestre/Digital2/Lab3.X/LCD8BIT.c"
 Parameters:    Size  Location     Type
  a               1    wreg     unsigned char 
  b               1    7[COMMON] unsigned char 
 Auto vars:     Size  Location     Type
  a               1    0[BANK0 ] unsigned char 
  z               1    2[BANK0 ] unsigned char 
  temp            1    1[BANK0 ] unsigned char 
  y               1    0        unsigned char 
 Return value:  Size  Location     Type
                  1    wreg      void 
 Registers used:
		wreg, status,2, status,0, btemp+1, pclath, cstack
 Tracked objects:
		On entry : 
		On exit  : 
		Unchanged: 
 Data sizes:     COMMON   BANK0   BANK1   BANK3   BANK2
      Params:         1       0       0       0       0
      Locals:         0       3       0       0       0
      Temps:          0       0       0       0       0
      Totals:         1       3       0       0       0
Total ram usage:        4 bytes
 Hardware stack levels used:    1
 Hardware stack levels required when called:    3
 This function calls:
		_Lcd_Cmd
 This function is called by:
		_main
 This function uses a non-reentrant model


 *************** function _Lcd_Init *****************
 Defined at:
		line 10 in file "C:/Users/Carlo/OneDrive/Documentos/Quinto Semestre/Digital2/Lab3.X/LCD8BIT.c"
 Parameters:    Size  Location     Type
		None
 Auto vars:     Size  Location     Type
		None
 Return value:  Size  Location     Type
                  1    wreg      void 
 Registers used:
		wreg, status,2, status,0, pclath, cstack
 Tracked objects:
		On entry : 
		On exit  : 
		Unchanged: 
 Data sizes:     COMMON   BANK0   BANK1   BANK3   BANK2
      Params:         0       0       0       0       0
      Locals:         0       0       0       0       0
      Temps:          0       0       0       0       0
      Totals:         0       0       0       0       0
Total ram usage:        0 bytes
 Hardware stack levels used:    1
 Hardware stack levels required when called:    3
 This function calls:
		_Lcd_Cmd
 This function is called by:
		_main
 This function uses a non-reentrant model


 *************** function _Lcd_Cmd *****************
 Defined at:
		line 19 in file "C:/Users/Carlo/OneDrive/Documentos/Quinto Semestre/Digital2/Lab3.X/LCD8BIT.c"
 Parameters:    Size  Location     Type
  a               1    wreg     unsigned char 
 Auto vars:     Size  Location     Type
  a               1    6[COMMON] unsigned char 
 Return value:  Size  Location     Type
                  1    wreg      void 
 Registers used:
		wreg, status,2, status,0, pclath, cstack
 Tracked objects:
		On entry : 
		On exit  : 
		Unchanged: 
 Data sizes:     COMMON   BANK0   BANK1   BANK3   BANK2
      Params:         0       0       0       0       0
      Locals:         1       0       0       0       0
      Temps:          2       0       0       0       0
      Totals:         3       0       0       0       0
Total ram usage:        3 bytes
 Hardware stack levels used:    1
 Hardware stack levels required when called:    2
 This function calls:
		_Lcd_Port
 This function is called by:
		_main
		_Lcd_Init
		_Lcd_Set_Cursor
		_Lcd_Clear
		_Lcd_Shift_Right
		_Lcd_Shift_Left
 This function uses a non-reentrant model


 *************** function _Lcd_Port *****************
 Defined at:
		line 5 in file "C:/Users/Carlo/OneDrive/Documentos/Quinto Semestre/Digital2/Lab3.X/LCD8BIT.c"
 Parameters:    Size  Location     Type
  a               1    wreg     unsigned char 
 Auto vars:     Size  Location     Type
  a               1    3[COMMON] unsigned char 
 Return value:  Size  Location     Type
                  1    wreg      void 
 Registers used:
		wreg
 Tracked objects:
		On entry : 
		On exit  : 
		Unchanged: 
 Data sizes:     COMMON   BANK0   BANK1   BANK3   BANK2
      Params:         0       0       0       0       0
      Locals:         1       0       0       0       0
      Temps:          0       0       0       0       0
      Totals:         1       0       0       0       0
Total ram usage:        1 bytes
 Hardware stack levels used:    1
 Hardware stack levels required when called:    1
 This function calls:
		Nothing
 This function is called by:
		_Lcd_Cmd
		_Lcd_Write_Char
 This function uses a non-reentrant model


 *************** function _ADC_LEER *****************
 Defined at:
		line 150 in file "C:/Users/Carlo/OneDrive/Documentos/Quinto Semestre/Digital2/Lab3.X/main.c"
 Parameters:    Size  Location     Type
		None
 Auto vars:     Size  Location     Type
		None
 Return value:  Size  Location     Type
                  1    wreg      void 
 Registers used:
		wreg, fsr0l, fsr0h, status,2, status,0, btemp+1, pclath, cstack
 Tracked objects:
		On entry : 
		On exit  : 
		Unchanged: 
 Data sizes:     COMMON   BANK0   BANK1   BANK3   BANK2
      Params:         0       0       0       0       0
      Locals:         0       0       0       0       0
      Temps:          0       0       0       0       0
      Totals:         0       0       0       0       0
Total ram usage:        0 bytes
 Hardware stack levels used:    1
 Hardware stack levels required when called:    2
 This function calls:
		_ADCinit
 This function is called by:
		_main
 This function uses a non-reentrant model


 *************** function _ADCinit *****************
 Defined at:
		line 9 in file "C:/Users/Carlo/OneDrive/Documentos/Quinto Semestre/Digital2/Lab3.X/ADCLIB.c"
 Parameters:    Size  Location     Type
  vel             1    wreg     unsigned char 
  chan            1    3[COMMON] unsigned char 
 Auto vars:     Size  Location     Type
  vel             1    6[COMMON] unsigned char 
 Return value:  Size  Location     Type
                  1    wreg      void 
 Registers used:
		wreg, fsr0l, fsr0h, status,2, status,0
 Tracked objects:
		On entry : 
		On exit  : 
		Unchanged: 
 Data sizes:     COMMON   BANK0   BANK1   BANK3   BANK2
      Params:         1       0       0       0       0
      Locals:         1       0       0       0       0
      Temps:          2       0       0       0       0
      Totals:         4       0       0       0       0
Total ram usage:        4 bytes
 Hardware stack levels used:    1
 Hardware stack levels required when called:    1
 This function calls:
		Nothing
 This function is called by:
		_main
		_ADC_LEER
 This function uses a non-reentrant model


 *************** function _ISR *****************
 Defined at:
		line 67 in file "C:/Users/Carlo/OneDrive/Documentos/Quinto Semestre/Digital2/Lab3.X/main.c"
 Parameters:    Size  Location     Type
		None
 Auto vars:     Size  Location     Type
		None
 Return value:  Size  Location     Type
                  1    wreg      void 
 Registers used:
		wreg, status,2, status,0, btemp+1
 Tracked objects:
		On entry : 
		On exit  : 
		Unchanged: 
 Data sizes:     COMMON   BANK0   BANK1   BANK3   BANK2
      Params:         0       0       0       0       0
      Locals:         0       0       0       0       0
      Temps:          3       0       0       0       0
      Totals:         3       0       0       0       0
Total ram usage:        3 bytes
 Hardware stack levels used:    1
 This function calls:
		Nothing
 This function is called by:
		Interrupt level 1
 This function uses a non-reentrant model



MODULE INFORMATION

Module		Function		Class		Link	Load	Size
C:/Users/Carlo/OneDrive/Documentos/Quinto Semestre/Digital2/Lab3.X/usartP.c
		_USARTconf     		CODE           	02CD	0000	23

C:/Users/Carlo/OneDrive/Documentos/Quinto Semestre/Digital2/Lab3.X/usartP.c estimated size: 23

C:/Users/Carlo/OneDrive/Documentos/Quinto Semestre/Digital2/Lab3.X/main.c
		_debounce_T    		CODE           	0133	0000	56
		_ISR           		CODE           	01CD	0000	48
		_main          		CODE           	00CB	0000	105
		_Setup         		CODE           	022A	0000	43
		_ADC_LEER      		CODE           	016A	0000	53

C:/Users/Carlo/OneDrive/Documentos/Quinto Semestre/Digital2/Lab3.X/main.c estimated size: 305

C:/Users/Carlo/OneDrive/Documentos/Quinto Semestre/Digital2/Lab3.X/ADCLIB.c
		_ADCinit       		CODE           	0025	0000	167

C:/Users/Carlo/OneDrive/Documentos/Quinto Semestre/Digital2/Lab3.X/ADCLIB.c estimated size: 167

shared
		__stringtab    		STRING         	027D	0000	7
		__initialization		CODE           	0013	0000	15

shared estimated size: 22

C:/Users/Carlo/OneDrive/Documentos/Quinto Semestre/Digital2/Lab3.X/Osc.c
		_initOsc       		CODE           	019E	0000	48

C:/Users/Carlo/OneDrive/Documentos/Quinto Semestre/Digital2/Lab3.X/Osc.c estimated size: 48

C:/Users/Carlo/OneDrive/Documentos/Quinto Semestre/Digital2/Lab3.X/LCD8BIT.c
		_Lcd_Write_String		CODE           	0254	0000	42
		_Lcd_Init      		CODE           	029C	0000	26
		_Lcd_Write_Char		CODE           	02E3	0000	23
		_Lcd_Cmd       		CODE           	02B5	0000	25
		_Lcd_Set_Cursor		CODE           	01FC	0000	47
		_Lcd_Port      		CODE           	02F9	0000	7

C:/Users/Carlo/OneDrive/Documentos/Quinto Semestre/Digital2/Lab3.X/LCD8BIT.c estimated size: 170

