Microchip MPLAB XC8 Compiler V2.20

Linker command line:

-W-3 --edf=C:\Program Files\Microchip\xc8\v2.20\pic\dat\en_msgs.txt -cn \
  -h+dist/default/production\Lab3.X.production.sym \
  --cmf=dist/default/production\Lab3.X.production.cmf -z -Q16F887 \
  -oC:\Users\Carlo\AppData\Local\Temp\s1uo.2 --defsym=__MPLAB_BUILD=1 \
  -Mdist/default/production/Lab3.X.production.map -E1 -ver=XC8 Compiler \
  --acfsm=1493 -ASTACK=0110h-016Fh -pstack=STACK -ACODE=00h-07FFhx4 \
  -ASTRCODE=00h-01FFFh -ASTRING=00h-0FFhx32 -ACONST=00h-0FFhx32 \
  -AENTRY=00h-0FFhx32 -ACOMMON=070h-07Fh -ABANK0=020h-06Fh \
  -ABANK1=0A0h-0EFh -ABANK2=0110h-016Fh -ABANK3=0190h-01EFh \
  -ARAM=020h-06Fh,0A0h-0EFh,0110h-016Fh,0190h-01EFh \
  -AABS1=020h-07Fh,0A0h-0EFh,0110h-016Fh,0190h-01EFh -ASFR0=00h-01Fh \
  -ASFR1=080h-09Fh -ASFR2=0100h-010Fh -ASFR3=0180h-018Fh \
  -ACONFIG=02007h-02008h -DCONFIG=2 -AIDLOC=02000h-02003h -DIDLOC=2 \
  -preset_vec=00h,intentry=04h,init,end_init -ppowerup=CODE -pcinit=CODE \
  -pfunctab=ENTRY -AEEDATA=00h-0FFh/02100h -peeprom_data=EEDATA -DEEDATA=2 \
  -DCODE=2 -DSTRCODE=2 -DSTRING=2 -DCONST=2 -DENTRY=2 -k \
  C:\Users\Carlo\AppData\Local\Temp\s1uo.o \
  dist/default/production\Lab3.X.production.o 

Object code version is 3.11

Machine type is 16F887



                Name                               Link     Load   Length Selector   Space Scale
C:\Users\Carlo\AppData\Local\Temp\s1uo.o
                end_init                             10       10        3        8       0
                reset_vec                             0        0        3        0       0
                config                             2007     2007        2        0       4
dist/default/production\Lab3.X.production.o
                cinit                                13       13       10        8       0
                intentry                              4        4        C        8       0
                config                             2007     2007        2        0       4
                text22                              3C3      3C3       6F        8       0
                text21                              59C      59C       36        8       0
                text20                              20D      20D       A6        8       0
                text19                              5D2      5D2       34        8       0
                text18                              751      751        6      DAE       0
                text17                              6F0      6F0       18      DAE       0
                text16                              6D7      6D7       19      DAE       0
                text15                              635      635       2E        8       0
                text14                              71E      71E       16      DAE       0
                text13                              49B      49B       46        8       0
                text12                              68E      68E       2A        8       0
                text11                              708      708       16      DAE       0
                text10                              4E1      4E1       45        8       0
                text9                               565      565       37        8       0
                text8                               606      606       2F        8       0
                text7                               432      432       69        8       0
                text6                               734      734       15      DAE       0
                text5                               663      663       2B        8       0
                text4                               526      526       3F        8       0
                text3                               343      343       80        8       0
                text2                               118      118       F5        8       0
                text1                                23       23       F5        8       0
                maintext                            2B3      2B3       90        8       0
                cstackBANK0                          20       20       16       20       1
                cstackCOMMON                         70       70        8       70       1
                clrtext                             749      749        8      DAE       0
                bssBANK0                             36       36       15       20       1
                bssCOMMON                            78       78        3       70       1
                strings                             6B8      6B8       1F      D70       0

TOTAL           Name                               Link     Load   Length     Space
        CLASS   STACK          

        CLASS   CODE           
                end_init                             10       10        3         0
                cinit                                13       13       10         0
                intentry                              4        4        C         0
                reset_vec                             0        0        3         0
                text22                              3C3      3C3       6F         0
                text21                              59C      59C       36         0
                text20                              20D      20D       A6         0
                text19                              5D2      5D2       34         0
                text18                              751      751        6         0
                text17                              6F0      6F0       18         0
                text16                              6D7      6D7       19         0
                text15                              635      635       2E         0
                text14                              71E      71E       16         0
                text13                              49B      49B       46         0
                text12                              68E      68E       2A         0
                text11                              708      708       16         0
                text10                              4E1      4E1       45         0
                text9                               565      565       37         0
                text8                               606      606       2F         0
                text7                               432      432       69         0
                text6                               734      734       15         0
                text5                               663      663       2B         0
                text4                               526      526       3F         0
                text3                               343      343       80         0
                text2                               118      118       F5         0
                text1                                23       23       F5         0
                maintext                            2B3      2B3       90         0
                clrtext                             749      749        8         0

        CLASS   STRCODE        

        CLASS   STRING         
                strings                             6B8      6B8       1F         0

        CLASS   CONST          

        CLASS   ENTRY          

        CLASS   COMMON         
                cstackCOMMON                         70       70        8         1
                bssCOMMON                            78       78        3         1

        CLASS   BANK0          
                cstackBANK0                          20       20       16         1
                bssBANK0                             36       36       15         1

        CLASS   BANK1          

        CLASS   BANK2          

        CLASS   BANK3          

        CLASS   RAM            

        CLASS   ABS1           
                abs_s1                               7E       7E        2         1

        CLASS   SFR0           

        CLASS   SFR1           

        CLASS   SFR2           

        CLASS   SFR3           

        CLASS   CONFIG         
                config                             2007     2007        2         4

        CLASS   IDLOC          

        CLASS   EEDATA         



SEGMENTS        Name                           Load    Length   Top    Selector   Space  Class     Delta

                reset_vec                      000000  000003  000003         0       0  CODE        2
                intentry                       000004  0006B4  0006B8         8       0  CODE        2
                cstackBANK0                    000020  00002B  00004B        20       1  BANK0       1
                cstackCOMMON                   000070  00000B  00007B        70       1  COMMON      1
                strings                        0006B8  00001F  0006D7       D70       0  STRING      2
                text16                         0006D7  000080  000757       DAE       0  CODE        2


UNUSED ADDRESS RANGES

        Name                Unused          Largest block    Delta
        BANK0            004B-006F             25           1
        BANK1            00A0-00EF             50           1
        BANK2            0110-016F             60           1
        BANK3            0190-01EF             60           1
        CODE             0003-0003              1           2
                         0757-1FFF            800
        COMMON           007B-007D              3           1
        CONST            0003-0003              1           2
                         0757-1FFF            100
        EEDATA           2100-21FF            100           2
        ENTRY            0003-0003              1           2
                         0757-1FFF            100
        IDLOC            2000-2003              4           2
        RAM              004B-006F             25           1
                         00A0-00EF             50
                         0110-016F             60
                         0190-01EF             60
        SFR0             0000-001F             20           1
        SFR1             0080-009F             20           1
        SFR2             0100-010F             10           1
        SFR3             0180-018F             10           1
        STACK            0110-016F             60           1
        STRCODE          0003-0003              1           2
                         0757-1FFF           18A9
        STRING           0003-0003              1           2
                         0757-1FFF            100

                                  Symbol Table

?___awdiv                  cstackBANK0  0022
?___wmul                   cstackCOMMON 0073
ADCinit@chan               cstackCOMMON 0073
ADCinit@vel                cstackCOMMON 0076
Lcd_Cmd@a                  cstackCOMMON 0076
Lcd_Port@a                 cstackCOMMON 0073
Lcd_Set_Cursor@a           cstackBANK0  0020
Lcd_Set_Cursor@b           cstackCOMMON 0077
Lcd_Set_Cursor@temp        cstackBANK0  0021
Lcd_Set_Cursor@z           cstackBANK0  0022
Lcd_Write_Char@a           cstackCOMMON 0075
Lcd_Write_String@a         cstackCOMMON 0076
Lcd_Write_String@i         cstackBANK0  0034
_ADCON0bits                (abs)        001F
_ADCON1                    (abs)        009F
_ADC_LEER                  text19       05D2
_ADCinit                   text20       020D
_ADRESH                    (abs)        001E
_ANSEL                     (abs)        0188
_ANSELH                    (abs)        0189
_ANSELbits                 (abs)        0188
_BAUDCTLbits               (abs)        0187
_CONT                      bssBANK0     0040
_CONT_C                    bssBANK0     003D
_CONT_D                    bssBANK0     003E
_CONT_U                    bssBANK0     003F
_INTCONbits                (abs)        000B
_ISR                       text21       059C
_Lcd_Cmd                   text17       06F0
_Lcd_Init                  text16       06D7
_Lcd_Port                  text18       0751
_Lcd_Set_Cursor            text15       0635
_Lcd_Write_Char            text14       071E
_Lcd_Write_String          text13       049B
_OPTION_REG                (abs)        0081
_OSCCONbits                (abs)        008F
_PIE1bits                  (abs)        008C
_PIR1bits                  (abs)        000C
_PORTA                     (abs)        0005
_PORTB                     (abs)        0006
_PORTBbits                 (abs)        0006
_PORTC                     (abs)        0007
_PORTD                     (abs)        0008
_POT1_C                    bssCOMMON    0078
_POT1_D                    bssBANK0     003B
_POT1_U                    bssBANK0     003C
_POT2_C                    bssBANK0     0038
_POT2_D                    bssBANK0     0039
_POT2_U                    bssBANK0     003A
_RCREG                     (abs)        001A
_RCSTAbits                 (abs)        0018
_SPBRG                     (abs)        0099
_SPBRGH                    (abs)        009A
_Setup                     text12       068E
_TMR0                      (abs)        0001
_TRISA                     (abs)        0085
_TRISB                     (abs)        0086
_TRISC                     (abs)        0087
_TRISD                     (abs)        0088
_TXREG                     (abs)        0019
_TXSTAbits                 (abs)        0098
_USARTconf                 text11       0708
__Habs1                    abs1         0000
__Hbank0                   bank0        0000
__Hbank1                   bank1        0000
__Hbank2                   bank2        0000
__Hbank3                   bank3        0000
__HbssBANK0                bssBANK0     0000
__HbssCOMMON               bssCOMMON    0000
__Hcinit                   cinit        0023
__Hclrtext                 clrtext      0000
__Hcode                    code         0000
__Hcommon                  common       0000
__Hconfig                  config       2009
__HcstackBANK0             cstackBANK0  0000
__HcstackCOMMON            cstackCOMMON 0000
__Heeprom_data             eeprom_data  0000
__Hend_init                end_init     0013
__Hfunctab                 functab      0000
__Hinit                    init         0010
__Hintentry                intentry     0010
__Hmaintext                maintext     0000
__Hpowerup                 powerup      0000
__Hram                     ram          0000
__Hreset_vec               reset_vec    0003
__Hsfr0                    sfr0         0000
__Hsfr1                    sfr1         0000
__Hsfr2                    sfr2         0000
__Hsfr3                    sfr3         0000
__Hspace_0                 (abs)        0757
__Hspace_1                 (abs)        007B
__Hspace_2                 (abs)        0000
__Hspace_3                 (abs)        0000
__Hspace_4                 (abs)        4010
__Hstack                   stack        0000
__Hstrings                 strings      0000
__Htext                    text         0000
__Labs1                    abs1         0000
__Lbank0                   bank0        0000
__Lbank1                   bank1        0000
__Lbank2                   bank2        0000
__Lbank3                   bank3        0000
__LbssBANK0                bssBANK0     0000
__LbssCOMMON               bssCOMMON    0000
__Lcinit                   cinit        0013
__Lclrtext                 clrtext      0000
__Lcode                    code         0000
__Lcommon                  common       0000
__Lconfig                  config       0000
__LcstackBANK0             cstackBANK0  0000
__LcstackCOMMON            cstackCOMMON 0000
__Leeprom_data             eeprom_data  0000
__Lend_init                end_init     0010
__Lfunctab                 functab      0000
__Linit                    init         0010
__Lintentry                intentry     0004
__Lmaintext                maintext     0000
__Lpowerup                 powerup      0000
__Lram                     ram          0000
__Lreset_vec               reset_vec    0000
__Lsfr0                    sfr0         0000
__Lsfr1                    sfr1         0000
__Lsfr2                    sfr2         0000
__Lsfr3                    sfr3         0000
__Lspace_0                 (abs)        0000
__Lspace_1                 (abs)        0000
__Lspace_2                 (abs)        0000
__Lspace_3                 (abs)        0000
__Lspace_4                 (abs)        0000
__Lstack                   stack        0000
__Lstrings                 strings      0000
__Ltext                    text         0000
__S0                       (abs)        0757
__S1                       (abs)        007B
__S2                       (abs)        0000
__S3                       (abs)        0000
___awdiv                   text7        0432
___awdiv@counter           cstackBANK0  0026
___awdiv@dividend          cstackBANK0  0024
___awdiv@divisor           cstackBANK0  0022
___awdiv@quotient          cstackBANK0  0028
___awdiv@sign              cstackBANK0  0027
___bmul                    text6        0734
___bmul@multiplicand       cstackCOMMON 0073
___bmul@multiplier         cstackCOMMON 0075
___bmul@product            cstackCOMMON 0074
___int_sp                  stack        0000
___latbits                 (abs)        0002
___sp                      stack        0000
___stackhi                 (abs)        0000
___stacklo                 (abs)        0000
___wmul                    text5        0663
___wmul@multiplicand       cstackCOMMON 0075
___wmul@multiplier         cstackCOMMON 0073
___wmul@product            cstackBANK0  0020
__end_of_ADC_LEER          text19       0606
__end_of_ADCinit           text20       02B3
__end_of_ISR               text21       05D2
__end_of_Lcd_Cmd           text17       0708
__end_of_Lcd_Init          text16       06F0
__end_of_Lcd_Port          text18       0757
__end_of_Lcd_Set_Cursor    text15       0663
__end_of_Lcd_Write_Char    text14       0734
__end_of_Lcd_Write_String  text13       04E1
__end_of_Setup             text12       06B8
__end_of_USARTconf         text11       071E
__end_of___awdiv           text7        049B
__end_of___bmul            text6        0749
__end_of___wmul            text5        068E
__end_of__initialization   cinit        001F
__end_of__stringtab        strings      06C8
__end_of_conver            text10       0526
__end_of_debounce_T        text9        059C
__end_of_envio             text22       0432
__end_of_initOsc           text8        0635
__end_of_main              maintext     0343
__end_of_map_cont          text3        03C3
__end_of_map_pot1          text2        020D
__end_of_map_pot2          text1        0118
__end_of_num_ascii         text4        0565
__initialization           cinit        0013
__pbssBANK0                bssBANK0     0036
__pbssCOMMON               bssCOMMON    0078
__pcstackBANK0             cstackBANK0  0020
__pcstackCOMMON            cstackCOMMON 0070
__pintentry                intentry     0004
__pmaintext                maintext     02B3
__pstrings                 strings      06B8
__ptext1                   text1        0023
__ptext10                  text10       04E1
__ptext11                  text11       0708
__ptext12                  text12       068E
__ptext13                  text13       049B
__ptext14                  text14       071E
__ptext15                  text15       0635
__ptext16                  text16       06D7
__ptext17                  text17       06F0
__ptext18                  text18       0751
__ptext19                  text19       05D2
__ptext2                   text2        0118
__ptext20                  text20       020D
__ptext21                  text21       059C
__ptext22                  text22       03C3
__ptext3                   text3        0343
__ptext4                   text4        0526
__ptext5                   text5        0663
__ptext6                   text6        0734
__ptext7                   text7        0432
__ptext8                   text8        0606
__ptext9                   text9        0565
__size_of_ADC_LEER         (abs)        0000
__size_of_ADCinit          (abs)        0000
__size_of_ISR              (abs)        0000
__size_of_Lcd_Cmd          (abs)        0000
__size_of_Lcd_Init         (abs)        0000
__size_of_Lcd_Port         (abs)        0000
__size_of_Lcd_Set_Cursor   (abs)        0000
__size_of_Lcd_Write_Char   (abs)        0000
__size_of_Lcd_Write_String (abs)        0000
__size_of_Setup            (abs)        0000
__size_of_USARTconf        (abs)        0000
__size_of___awdiv          (abs)        0000
__size_of___bmul           (abs)        0000
__size_of___wmul           (abs)        0000
__size_of_conver           (abs)        0000
__size_of_debounce_T       (abs)        0000
__size_of_envio            (abs)        0000
__size_of_initOsc          (abs)        0000
__size_of_main             (abs)        0000
__size_of_map_cont         (abs)        0000
__size_of_map_pot1         (abs)        0000
__size_of_map_pot2         (abs)        0000
__size_of_num_ascii        (abs)        0000
__stringbase               strings      06C7
__stringtab                strings      06B8
_conver                    text10       04E1
_debounce_T                text9        0565
_envio                     text22       03C3
_flag_T                    bssBANK0     0043
_flag_T2                   bssBANK0     0042
_go_adc                    bssBANK0     004A
_initOsc                   text8        0606
_lec_ADC                   bssBANK0     0049
_main                      maintext     02B3
_map_cont                  text3        0343
_map_pot1                  text2        0118
_map_pot1$1192             cstackBANK0  0030
_map_pot2                  text1        0023
_map_pot2$1193             cstackBANK0  0030
_num_ascii                 text4        0526
_pot1                      bssBANK0     0045
_pot2                      bssBANK0     0044
_temp2                     bssBANK0     0037
_temp3                     bssBANK0     0036
_terminal                  bssCOMMON    007A
_toggle                    bssBANK0     0048
_toggleTX                  bssCOMMON    0079
btemp                      (abs)        007E
clear_ram0                 clrtext      0749
conver@CONT_C              cstackBANK0  0030
conver@CONT_D              cstackCOMMON 0073
conver@CONT_U              cstackCOMMON 0074
conver@temporal            cstackBANK0  0020
end_of_initialization      cinit        001F
initOsc@frec               cstackCOMMON 0075
interrupt_function         intentry     0004
intlevel0                  functab      0000
intlevel1                  functab      0000
intlevel2                  functab      0000
intlevel3                  functab      0000
intlevel4                  functab      0000
intlevel5                  functab      0000
num_ascii@num              cstackCOMMON 0075
reset_vec                  reset_vec    0000
saved_w                    (abs)        007E
start                      init         0010
start_initialization       cinit        0013
wtemp0                     (abs)        007E


FUNCTION INFORMATION:

 *************** function _main *****************
 Defined at:
		line 110 in file "C:/Users/Carlo/OneDrive/Documentos/Quinto Semestre/Digital2/Lab3.X/main.c"
 Parameters:    Size  Location     Type
		None
 Auto vars:     Size  Location     Type
		None
 Return value:  Size  Location     Type
                  1    wreg      void 
 Registers used:
		wreg, fsr0l, fsr0h, status,2, status,0, btemp+1, pclath, cstack
 Tracked objects:
		On entry : 
		On exit  : 
		Unchanged: 
 Data sizes:     COMMON   BANK0   BANK1   BANK3   BANK2
      Params:         0       0       0       0       0
      Locals:         0       0       0       0       0
      Temps:          0       0       0       0       0
      Totals:         0       0       0       0       0
Total ram usage:        0 bytes
 Hardware stack levels required when called:    5
 This function calls:
		_ADC_LEER
		_ADCinit
		_Lcd_Cmd
		_Lcd_Init
		_Lcd_Set_Cursor
		_Lcd_Write_String
		_Setup
		_USARTconf
		_conver
		_debounce_T
		_initOsc
		_map_cont
		_map_pot1
		_map_pot2
 This function is called by:
		Startup code after reset
 This function uses a non-reentrant model


 *************** function _map_pot2 *****************
 Defined at:
		line 266 in file "C:/Users/Carlo/OneDrive/Documentos/Quinto Semestre/Digital2/Lab3.X/main.c"
 Parameters:    Size  Location     Type
		None
 Auto vars:     Size  Location     Type
		None
 Return value:  Size  Location     Type
                  1    wreg      void 
 Registers used:
		wreg, fsr0l, fsr0h, status,2, status,0, btemp+1, pclath, cstack
 Tracked objects:
		On entry : 
		On exit  : 
		Unchanged: 
 Data sizes:     COMMON   BANK0   BANK1   BANK3   BANK2
      Params:         0       0       0       0       0
      Locals:         0       2       0       0       0
      Temps:          0       6       0       0       0
      Totals:         0       8       0       0       0
Total ram usage:        8 bytes
 Hardware stack levels used:    1
 Hardware stack levels required when called:    3
 This function calls:
		___awdiv
		___bmul
		___wmul
		_num_ascii
 This function is called by:
		_main
 This function uses a non-reentrant model


 *************** function _map_pot1 *****************
 Defined at:
		line 253 in file "C:/Users/Carlo/OneDrive/Documentos/Quinto Semestre/Digital2/Lab3.X/main.c"
 Parameters:    Size  Location     Type
		None
 Auto vars:     Size  Location     Type
		None
 Return value:  Size  Location     Type
                  1    wreg      void 
 Registers used:
		wreg, fsr0l, fsr0h, status,2, status,0, btemp+1, pclath, cstack
 Tracked objects:
		On entry : 
		On exit  : 
		Unchanged: 
 Data sizes:     COMMON   BANK0   BANK1   BANK3   BANK2
      Params:         0       0       0       0       0
      Locals:         0       2       0       0       0
      Temps:          0       6       0       0       0
      Totals:         0       8       0       0       0
Total ram usage:        8 bytes
 Hardware stack levels used:    1
 Hardware stack levels required when called:    3
 This function calls:
		___awdiv
		___bmul
		___wmul
		_num_ascii
 This function is called by:
		_main
 This function uses a non-reentrant model


 *************** function _map_cont *****************
 Defined at:
		line 219 in file "C:/Users/Carlo/OneDrive/Documentos/Quinto Semestre/Digital2/Lab3.X/main.c"
 Parameters:    Size  Location     Type
		None
 Auto vars:     Size  Location     Type
		None
 Return value:  Size  Location     Type
                  1    wreg      void 
 Registers used:
		wreg, fsr0l, fsr0h, status,2, status,0, btemp+1, pclath, cstack
 Tracked objects:
		On entry : 
		On exit  : 
		Unchanged: 
 Data sizes:     COMMON   BANK0   BANK1   BANK3   BANK2
      Params:         0       0       0       0       0
      Locals:         0       0       0       0       0
      Temps:          0       2       0       0       0
      Totals:         0       2       0       0       0
Total ram usage:        2 bytes
 Hardware stack levels used:    1
 Hardware stack levels required when called:    3
 This function calls:
		___awdiv
		___bmul
		___wmul
		_num_ascii
 This function is called by:
		_main
 This function uses a non-reentrant model


 *************** function _num_ascii *****************
 Defined at:
		line 3 in file "C:/Users/Carlo/OneDrive/Documentos/Quinto Semestre/Digital2/Lab3.X/ASCII_NUM.c"
 Parameters:    Size  Location     Type
  num             1    wreg     unsigned char 
 Auto vars:     Size  Location     Type
  num             1    5[COMMON] unsigned char 
 Return value:  Size  Location     Type
                  1    wreg      unsigned char 
 Registers used:
		wreg, fsr0l, fsr0h, status,2, status,0
 Tracked objects:
		On entry : 
		On exit  : 
		Unchanged: 
 Data sizes:     COMMON   BANK0   BANK1   BANK3   BANK2
      Params:         0       0       0       0       0
      Locals:         1       0       0       0       0
      Temps:          2       0       0       0       0
      Totals:         3       0       0       0       0
Total ram usage:        3 bytes
 Hardware stack levels used:    1
 Hardware stack levels required when called:    2
 This function calls:
		Nothing
 This function is called by:
		_map_cont
		_map_pot1
		_map_pot2
 This function uses a non-reentrant model


 *************** function ___wmul *****************
 Defined at:
		line 15 in file "C:\Program Files\Microchip\xc8\v2.20\pic\sources\c90\common\Umul16.c"
 Parameters:    Size  Location     Type
  multiplier      2    3[COMMON] unsigned int 
  multiplicand    2    5[COMMON] unsigned int 
 Auto vars:     Size  Location     Type
  product         2    0[BANK0 ] unsigned int 
 Return value:  Size  Location     Type
                  2    3[COMMON] unsigned int 
 Registers used:
		wreg, status,2, status,0
 Tracked objects:
		On entry : 
		On exit  : 
		Unchanged: 
 Data sizes:     COMMON   BANK0   BANK1   BANK3   BANK2
      Params:         4       0       0       0       0
      Locals:         0       2       0       0       0
      Temps:          0       0       0       0       0
      Totals:         4       2       0       0       0
Total ram usage:        6 bytes
 Hardware stack levels used:    1
 Hardware stack levels required when called:    2
 This function calls:
		Nothing
 This function is called by:
		_map_cont
		_map_pot1
		_map_pot2
 This function uses a non-reentrant model


 *************** function ___bmul *****************
 Defined at:
		line 4 in file "C:\Program Files\Microchip\xc8\v2.20\pic\sources\c90\common\Umul8.c"
 Parameters:    Size  Location     Type
  multiplier      1    wreg     unsigned char 
  multiplicand    1    3[COMMON] unsigned char 
 Auto vars:     Size  Location     Type
  multiplier      1    5[COMMON] unsigned char 
  product         1    4[COMMON] unsigned char 
 Return value:  Size  Location     Type
                  1    wreg      unsigned char 
 Registers used:
		wreg, status,2, status,0, btemp+1
 Tracked objects:
		On entry : 
		On exit  : 
		Unchanged: 
 Data sizes:     COMMON   BANK0   BANK1   BANK3   BANK2
      Params:         1       0       0       0       0
      Locals:         2       0       0       0       0
      Temps:          0       0       0       0       0
      Totals:         3       0       0       0       0
Total ram usage:        3 bytes
 Hardware stack levels used:    1
 Hardware stack levels required when called:    2
 This function calls:
		Nothing
 This function is called by:
		_map_cont
		_map_pot1
		_map_pot2
 This function uses a non-reentrant model


 *************** function ___awdiv *****************
 Defined at:
		line 5 in file "C:\Program Files\Microchip\xc8\v2.20\pic\sources\c90\common\awdiv.c"
 Parameters:    Size  Location     Type
  divisor         2    2[BANK0 ] int 
  dividend        2    4[BANK0 ] int 
 Auto vars:     Size  Location     Type
  quotient        2    8[BANK0 ] int 
  sign            1    7[BANK0 ] unsigned char 
  counter         1    6[BANK0 ] unsigned char 
 Return value:  Size  Location     Type
                  2    2[BANK0 ] int 
 Registers used:
		wreg, status,2, status,0, btemp+1
 Tracked objects:
		On entry : 
		On exit  : 
		Unchanged: 
 Data sizes:     COMMON   BANK0   BANK1   BANK3   BANK2
      Params:         0       4       0       0       0
      Locals:         0       4       0       0       0
      Temps:          0       0       0       0       0
      Totals:         0       8       0       0       0
Total ram usage:        8 bytes
 Hardware stack levels used:    1
 Hardware stack levels required when called:    2
 This function calls:
		Nothing
 This function is called by:
		_map_cont
		_map_pot1
		_map_pot2
 This function uses a non-reentrant model


 *************** function _initOsc *****************
 Defined at:
		line 7 in file "C:/Users/Carlo/OneDrive/Documentos/Quinto Semestre/Digital2/Lab3.X/Osc.c"
 Parameters:    Size  Location     Type
  frec            1    wreg     unsigned char 
 Auto vars:     Size  Location     Type
  frec            1    5[COMMON] unsigned char 
 Return value:  Size  Location     Type
                  1    wreg      void 
 Registers used:
		wreg, fsr0l, fsr0h, status,2, status,0
 Tracked objects:
		On entry : 
		On exit  : 
		Unchanged: 
 Data sizes:     COMMON   BANK0   BANK1   BANK3   BANK2
      Params:         0       0       0       0       0
      Locals:         1       0       0       0       0
      Temps:          2       0       0       0       0
      Totals:         3       0       0       0       0
Total ram usage:        3 bytes
 Hardware stack levels used:    1
 Hardware stack levels required when called:    2
 This function calls:
		Nothing
 This function is called by:
		_main
 This function uses a non-reentrant model


 *************** function _debounce_T *****************
 Defined at:
		line 195 in file "C:/Users/Carlo/OneDrive/Documentos/Quinto Semestre/Digital2/Lab3.X/main.c"
 Parameters:    Size  Location     Type
		None
 Auto vars:     Size  Location     Type
		None
 Return value:  Size  Location     Type
                  1    wreg      void 
 Registers used:
		wreg, status,2, status,0, btemp+1
 Tracked objects:
		On entry : 
		On exit  : 
		Unchanged: 
 Data sizes:     COMMON   BANK0   BANK1   BANK3   BANK2
      Params:         0       0       0       0       0
      Locals:         0       0       0       0       0
      Temps:          0       0       0       0       0
      Totals:         0       0       0       0       0
Total ram usage:        0 bytes
 Hardware stack levels used:    1
 Hardware stack levels required when called:    2
 This function calls:
		Nothing
 This function is called by:
		_main
 This function uses a non-reentrant model


 *************** function _conver *****************
 Defined at:
		line 230 in file "C:/Users/Carlo/OneDrive/Documentos/Quinto Semestre/Digital2/Lab3.X/main.c"
 Parameters:    Size  Location     Type
  CONT_C          1    wreg     unsigned char 
  CONT_D          1    3[COMMON] unsigned char 
  CONT_U          1    4[COMMON] unsigned char 
 Auto vars:     Size  Location     Type
  CONT_C          1   16[BANK0 ] unsigned char 
  temporal       16    0[BANK0 ] unsigned char [16]
 Return value:  Size  Location     Type
                  1    wreg      PTR const unsigned char 
 Registers used:
		wreg, btemp+1
 Tracked objects:
		On entry : 
		On exit  : 
		Unchanged: 
 Data sizes:     COMMON   BANK0   BANK1   BANK3   BANK2
      Params:         2       0       0       0       0
      Locals:         0      17       0       0       0
      Temps:          0       0       0       0       0
      Totals:         2      17       0       0       0
Total ram usage:       19 bytes
 Hardware stack levels used:    1
 Hardware stack levels required when called:    2
 This function calls:
		Nothing
 This function is called by:
		_main
 This function uses a non-reentrant model


 *************** function _USARTconf *****************
 Defined at:
		line 3 in file "C:/Users/Carlo/OneDrive/Documentos/Quinto Semestre/Digital2/Lab3.X/usartP.c"
 Parameters:    Size  Location     Type
		None
 Auto vars:     Size  Location     Type
		None
 Return value:  Size  Location     Type
                  1    wreg      void 
 Registers used:
		wreg, status,2
 Tracked objects:
		On entry : 
		On exit  : 
		Unchanged: 
 Data sizes:     COMMON   BANK0   BANK1   BANK3   BANK2
      Params:         0       0       0       0       0
      Locals:         0       0       0       0       0
      Temps:          0       0       0       0       0
      Totals:         0       0       0       0       0
Total ram usage:        0 bytes
 Hardware stack levels used:    1
 Hardware stack levels required when called:    2
 This function calls:
		Nothing
 This function is called by:
		_main
 This function uses a non-reentrant model


 *************** function _Setup *****************
 Defined at:
		line 140 in file "C:/Users/Carlo/OneDrive/Documentos/Quinto Semestre/Digital2/Lab3.X/main.c"
 Parameters:    Size  Location     Type
		None
 Auto vars:     Size  Location     Type
		None
 Return value:  Size  Location     Type
                  1    wreg      void 
 Registers used:
		wreg, status,2
 Tracked objects:
		On entry : 
		On exit  : 
		Unchanged: 
 Data sizes:     COMMON   BANK0   BANK1   BANK3   BANK2
      Params:         0       0       0       0       0
      Locals:         0       0       0       0       0
      Temps:          0       0       0       0       0
      Totals:         0       0       0       0       0
Total ram usage:        0 bytes
 Hardware stack levels used:    1
 Hardware stack levels required when called:    2
 This function calls:
		Nothing
 This function is called by:
		_main
 This function uses a non-reentrant model


 *************** function _Lcd_Write_String *****************
 Defined at:
		line 63 in file "C:/Users/Carlo/OneDrive/Documentos/Quinto Semestre/Digital2/Lab3.X/LCD8BIT.c"
 Parameters:    Size  Location     Type
  a               2    6[COMMON] PTR unsigned char 
		 -> conver@temporal(16), STR_1(15), 
 Auto vars:     Size  Location     Type
  i               2   20[BANK0 ] int 
 Return value:  Size  Location     Type
                  1    wreg      void 
 Registers used:
		wreg, fsr0l, fsr0h, status,2, status,0, btemp+1, pclath, cstack
 Tracked objects:
		On entry : 
		On exit  : 
		Unchanged: 
 Data sizes:     COMMON   BANK0   BANK1   BANK3   BANK2
      Params:         2       0       0       0       0
      Locals:         0       2       0       0       0
      Temps:          0       3       0       0       0
      Totals:         2       5       0       0       0
Total ram usage:        7 bytes
 Hardware stack levels used:    1
 Hardware stack levels required when called:    4
 This function calls:
		_Lcd_Write_Char
 This function is called by:
		_main
 This function uses a non-reentrant model


 *************** function _Lcd_Write_Char *****************
 Defined at:
		line 53 in file "C:/Users/Carlo/OneDrive/Documentos/Quinto Semestre/Digital2/Lab3.X/LCD8BIT.c"
 Parameters:    Size  Location     Type
  a               1    wreg     unsigned char 
 Auto vars:     Size  Location     Type
  a               1    5[COMMON] unsigned char 
 Return value:  Size  Location     Type
                  1    wreg      void 
 Registers used:
		wreg, status,2, status,0, pclath, cstack
 Tracked objects:
		On entry : 
		On exit  : 
		Unchanged: 
 Data sizes:     COMMON   BANK0   BANK1   BANK3   BANK2
      Params:         0       0       0       0       0
      Locals:         1       0       0       0       0
      Temps:          1       0       0       0       0
      Totals:         2       0       0       0       0
Total ram usage:        2 bytes
 Hardware stack levels used:    1
 Hardware stack levels required when called:    3
 This function calls:
		_Lcd_Port
 This function is called by:
		_Lcd_Write_String
 This function uses a non-reentrant model


 *************** function _Lcd_Set_Cursor *****************
 Defined at:
		line 35 in file "C:/Users/Carlo/OneDrive/Documentos/Quinto Semestre/Digital2/Lab3.X/LCD8BIT.c"
 Parameters:    Size  Location     Type
  a               1    wreg     unsigned char 
  b               1    7[COMMON] unsigned char 
 Auto vars:     Size  Location     Type
  a               1    0[BANK0 ] unsigned char 
  z               1    2[BANK0 ] unsigned char 
  temp            1    1[BANK0 ] unsigned char 
  y               1    0        unsigned char 
 Return value:  Size  Location     Type
                  1    wreg      void 
 Registers used:
		wreg, status,2, status,0, btemp+1, pclath, cstack
 Tracked objects:
		On entry : 
		On exit  : 
		Unchanged: 
 Data sizes:     COMMON   BANK0   BANK1   BANK3   BANK2
      Params:         1       0       0       0       0
      Locals:         0       3       0       0       0
      Temps:          0       0       0       0       0
      Totals:         1       3       0       0       0
Total ram usage:        4 bytes
 Hardware stack levels used:    1
 Hardware stack levels required when called:    4
 This function calls:
		_Lcd_Cmd
 This function is called by:
		_main
 This function uses a non-reentrant model


 *************** function _Lcd_Init *****************
 Defined at:
		line 10 in file "C:/Users/Carlo/OneDrive/Documentos/Quinto Semestre/Digital2/Lab3.X/LCD8BIT.c"
 Parameters:    Size  Location     Type
		None
 Auto vars:     Size  Location     Type
		None
 Return value:  Size  Location     Type
                  1    wreg      void 
 Registers used:
		wreg, status,2, status,0, pclath, cstack
 Tracked objects:
		On entry : 
		On exit  : 
		Unchanged: 
 Data sizes:     COMMON   BANK0   BANK1   BANK3   BANK2
      Params:         0       0       0       0       0
      Locals:         0       0       0       0       0
      Temps:          0       0       0       0       0
      Totals:         0       0       0       0       0
Total ram usage:        0 bytes
 Hardware stack levels used:    1
 Hardware stack levels required when called:    4
 This function calls:
		_Lcd_Cmd
 This function is called by:
		_main
 This function uses a non-reentrant model


 *************** function _Lcd_Cmd *****************
 Defined at:
		line 19 in file "C:/Users/Carlo/OneDrive/Documentos/Quinto Semestre/Digital2/Lab3.X/LCD8BIT.c"
 Parameters:    Size  Location     Type
  a               1    wreg     unsigned char 
 Auto vars:     Size  Location     Type
  a               1    6[COMMON] unsigned char 
 Return value:  Size  Location     Type
                  1    wreg      void 
 Registers used:
		wreg, status,2, status,0, pclath, cstack
 Tracked objects:
		On entry : 
		On exit  : 
		Unchanged: 
 Data sizes:     COMMON   BANK0   BANK1   BANK3   BANK2
      Params:         0       0       0       0       0
      Locals:         1       0       0       0       0
      Temps:          2       0       0       0       0
      Totals:         3       0       0       0       0
Total ram usage:        3 bytes
 Hardware stack levels used:    1
 Hardware stack levels required when called:    3
 This function calls:
		_Lcd_Port
 This function is called by:
		_main
		_Lcd_Init
		_Lcd_Set_Cursor
		_Lcd_Clear
		_Lcd_Shift_Right
		_Lcd_Shift_Left
 This function uses a non-reentrant model


 *************** function _Lcd_Port *****************
 Defined at:
		line 5 in file "C:/Users/Carlo/OneDrive/Documentos/Quinto Semestre/Digital2/Lab3.X/LCD8BIT.c"
 Parameters:    Size  Location     Type
  a               1    wreg     unsigned char 
 Auto vars:     Size  Location     Type
  a               1    3[COMMON] unsigned char 
 Return value:  Size  Location     Type
                  1    wreg      void 
 Registers used:
		wreg
 Tracked objects:
		On entry : 
		On exit  : 
		Unchanged: 
 Data sizes:     COMMON   BANK0   BANK1   BANK3   BANK2
      Params:         0       0       0       0       0
      Locals:         1       0       0       0       0
      Temps:          0       0       0       0       0
      Totals:         1       0       0       0       0
Total ram usage:        1 bytes
 Hardware stack levels used:    1
 Hardware stack levels required when called:    2
 This function calls:
		Nothing
 This function is called by:
		_Lcd_Cmd
		_Lcd_Write_Char
 This function uses a non-reentrant model


 *************** function _ADC_LEER *****************
 Defined at:
		line 176 in file "C:/Users/Carlo/OneDrive/Documentos/Quinto Semestre/Digital2/Lab3.X/main.c"
 Parameters:    Size  Location     Type
		None
 Auto vars:     Size  Location     Type
		None
 Return value:  Size  Location     Type
                  1    wreg      void 
 Registers used:
		wreg, fsr0l, fsr0h, status,2, status,0, btemp+1, pclath, cstack
 Tracked objects:
		On entry : 
		On exit  : 
		Unchanged: 
 Data sizes:     COMMON   BANK0   BANK1   BANK3   BANK2
      Params:         0       0       0       0       0
      Locals:         0       0       0       0       0
      Temps:          0       0       0       0       0
      Totals:         0       0       0       0       0
Total ram usage:        0 bytes
 Hardware stack levels used:    1
 Hardware stack levels required when called:    3
 This function calls:
		_ADCinit
 This function is called by:
		_main
 This function uses a non-reentrant model


 *************** function _ADCinit *****************
 Defined at:
		line 9 in file "C:/Users/Carlo/OneDrive/Documentos/Quinto Semestre/Digital2/Lab3.X/ADCLIB.c"
 Parameters:    Size  Location     Type
  vel             1    wreg     unsigned char 
  chan            1    3[COMMON] unsigned char 
 Auto vars:     Size  Location     Type
  vel             1    6[COMMON] unsigned char 
 Return value:  Size  Location     Type
                  1    wreg      void 
 Registers used:
		wreg, fsr0l, fsr0h, status,2, status,0
 Tracked objects:
		On entry : 
		On exit  : 
		Unchanged: 
 Data sizes:     COMMON   BANK0   BANK1   BANK3   BANK2
      Params:         1       0       0       0       0
      Locals:         1       0       0       0       0
      Temps:          2       0       0       0       0
      Totals:         4       0       0       0       0
Total ram usage:        4 bytes
 Hardware stack levels used:    1
 Hardware stack levels required when called:    2
 This function calls:
		Nothing
 This function is called by:
		_main
		_ADC_LEER
 This function uses a non-reentrant model


 *************** function _ISR *****************
 Defined at:
		line 88 in file "C:/Users/Carlo/OneDrive/Documentos/Quinto Semestre/Digital2/Lab3.X/main.c"
 Parameters:    Size  Location     Type
		None
 Auto vars:     Size  Location     Type
		None
 Return value:  Size  Location     Type
                  1    wreg      void 
 Registers used:
		wreg, status,2, status,0, btemp+1, pclath, cstack
 Tracked objects:
		On entry : 
		On exit  : 
		Unchanged: 
 Data sizes:     COMMON   BANK0   BANK1   BANK3   BANK2
      Params:         0       0       0       0       0
      Locals:         0       0       0       0       0
      Temps:          3       0       0       0       0
      Totals:         3       0       0       0       0
Total ram usage:        3 bytes
 Hardware stack levels used:    1
 Hardware stack levels required when called:    1
 This function calls:
		_envio
 This function is called by:
		Interrupt level 1
 This function uses a non-reentrant model


 *************** function _envio *****************
 Defined at:
		line 278 in file "C:/Users/Carlo/OneDrive/Documentos/Quinto Semestre/Digital2/Lab3.X/main.c"
 Parameters:    Size  Location     Type
		None
 Auto vars:     Size  Location     Type
		None
 Return value:  Size  Location     Type
                  1    wreg      void 
 Registers used:
		wreg, status,2, status,0
 Tracked objects:
		On entry : 
		On exit  : 
		Unchanged: 
 Data sizes:     COMMON   BANK0   BANK1   BANK3   BANK2
      Params:         0       0       0       0       0
      Locals:         0       0       0       0       0
      Temps:          0       0       0       0       0
      Totals:         0       0       0       0       0
Total ram usage:        0 bytes
 Hardware stack levels used:    1
 This function calls:
		Nothing
 This function is called by:
		_ISR
 This function uses a non-reentrant model



MODULE INFORMATION

Module		Function		Class		Link	Load	Size
C:/Users/Carlo/OneDrive/Documentos/Quinto Semestre/Digital2/Lab3.X/usartP.c
		_USARTconf     		CODE           	0708	0000	23

C:/Users/Carlo/OneDrive/Documentos/Quinto Semestre/Digital2/Lab3.X/usartP.c estimated size: 23

C:/Users/Carlo/OneDrive/Documentos/Quinto Semestre/Digital2/Lab3.X/main.c
		_debounce_T    		CODE           	0565	0000	56
		_ISR           		CODE           	059C	0000	55
		_map_cont      		CODE           	0343	0000	129
		_main          		CODE           	02B3	0000	145
		_Setup         		CODE           	068E	0000	43
		_ADC_LEER      		CODE           	05D2	0000	53
		_map_pot1      		CODE           	0118	0000	246
		_map_pot2      		CODE           	0023	0000	246
		_envio         		CODE           	03C3	0000	112
		_conver        		CODE           	04E1	0000	70

C:/Users/Carlo/OneDrive/Documentos/Quinto Semestre/Digital2/Lab3.X/main.c estimated size: 1155

C:/Users/Carlo/OneDrive/Documentos/Quinto Semestre/Digital2/Lab3.X/ADCLIB.c
		_ADCinit       		CODE           	020D	0000	167

C:/Users/Carlo/OneDrive/Documentos/Quinto Semestre/Digital2/Lab3.X/ADCLIB.c estimated size: 167

C:/Users/Carlo/OneDrive/Documentos/Quinto Semestre/Digital2/Lab3.X/ASCII_NUM.c
		_num_ascii     		CODE           	0526	0000	64

C:/Users/Carlo/OneDrive/Documentos/Quinto Semestre/Digital2/Lab3.X/ASCII_NUM.c estimated size: 64

shared
		__stringtab    		STRING         	06B8	0000	17
		__initialization		CODE           	0013	0000	13

shared estimated size: 30

C:/Users/Carlo/OneDrive/Documentos/Quinto Semestre/Digital2/Lab3.X/Osc.c
		_initOsc       		CODE           	0606	0000	48

C:/Users/Carlo/OneDrive/Documentos/Quinto Semestre/Digital2/Lab3.X/Osc.c estimated size: 48

C:\Program Files\Microchip\xc8\v2.20\pic\sources\c90\common\Umul16.c
		___wmul        		CODE           	0663	0000	44

C:\Program Files\Microchip\xc8\v2.20\pic\sources\c90\common\Umul16.c estimated size: 44

C:\Program Files\Microchip\xc8\v2.20\pic\sources\c90\common\Umul8.c
		___bmul        		CODE           	0734	0000	22

C:\Program Files\Microchip\xc8\v2.20\pic\sources\c90\common\Umul8.c estimated size: 22

C:/Users/Carlo/OneDrive/Documentos/Quinto Semestre/Digital2/Lab3.X/LCD8BIT.c
		_Lcd_Write_String		CODE           	049B	0000	71
		_Lcd_Init      		CODE           	06D7	0000	26
		_Lcd_Write_Char		CODE           	071E	0000	23
		_Lcd_Cmd       		CODE           	06F0	0000	25
		_Lcd_Set_Cursor		CODE           	0635	0000	47
		_Lcd_Port      		CODE           	0751	0000	7

C:/Users/Carlo/OneDrive/Documentos/Quinto Semestre/Digital2/Lab3.X/LCD8BIT.c estimated size: 199

C:\Program Files\Microchip\xc8\v2.20\pic\sources\c90\common\awdiv.c
		___awdiv       		CODE           	0432	0000	106

C:\Program Files\Microchip\xc8\v2.20\pic\sources\c90\common\awdiv.c estimated size: 106

