Microchip MPLAB XC8 Compiler V2.20

Linker command line:

-W-3 --edf=C:\Program Files\Microchip\xc8\v2.20\pic\dat\en_msgs.txt -cn \
  -h+dist/default/production\I2CPJ2.X.production.sym \
  --cmf=dist/default/production\I2CPJ2.X.production.cmf -z -Q16F887 \
  -oC:\Users\Carlo\AppData\Local\Temp\s3e0.2 --defsym=__MPLAB_BUILD=1 \
  -Mdist/default/production/I2CPJ2.X.production.map -E1 -ver=XC8 Compiler \
  --acfsm=1493 -ASTACK=0110h-016Fh -pstack=STACK -ACODE=00h-07FFhx4 \
  -ASTRCODE=00h-01FFFh -ASTRING=00h-0FFhx32 -ACONST=00h-0FFhx32 \
  -AENTRY=00h-0FFhx32 -ACOMMON=070h-07Fh -ABANK0=020h-06Fh \
  -ABANK1=0A0h-0EFh -ABANK2=0110h-016Fh -ABANK3=0190h-01EFh \
  -ARAM=020h-06Fh,0A0h-0EFh,0110h-016Fh,0190h-01EFh \
  -AABS1=020h-07Fh,0A0h-0EFh,0110h-016Fh,0190h-01EFh -ASFR0=00h-01Fh \
  -ASFR1=080h-09Fh -ASFR2=0100h-010Fh -ASFR3=0180h-018Fh \
  -ACONFIG=02007h-02008h -DCONFIG=2 -AIDLOC=02000h-02003h -DIDLOC=2 \
  -preset_vec=00h,intentry=04h,init,end_init -ppowerup=CODE -pcinit=CODE \
  -pfunctab=ENTRY -AEEDATA=00h-0FFh/02100h -peeprom_data=EEDATA -DEEDATA=2 \
  -DCODE=2 -DSTRCODE=2 -DSTRING=2 -DCONST=2 -DENTRY=2 -k \
  C:\Users\Carlo\AppData\Local\Temp\s3e0.o \
  dist/default/production\I2CPJ2.X.production.o 

Object code version is 3.11

Machine type is 16F887



                Name                               Link     Load   Length Selector   Space Scale
C:\Users\Carlo\AppData\Local\Temp\s3e0.o
                end_init                             12       12        3        8       0
                reset_vec                             0        0        3        0       0
                config                             2007     2007        2        0       4
dist/default/production\I2CPJ2.X.production.o
                cinit                                15       15       13        8       0
                intentry                              4        4        E        8       0
                config                             2007     2007        2        0       4
                text15                              183      183       75        8       0
                text14                              2CB      2CB       45        8       0
                text13                              263      263       68        8       0
                text12                              351      351       3A        8       0
                text11                              3EE      3EE       2C        8       0
                text10                              41A      41A       16        8       0
                text9                               310      310       41        8       0
                text8                                28       28       C1        8       0
                text7                               3BD      3BD       31        8       0
                text6                               430      430        D        8       0
                text5                               38B      38B       32        8       0
                text4                               450      450        9        8       0
                text3                               447      447        9        8       0
                text2                               43D      43D        A        8       0
                text1                                E9       E9       9A        8       0
                maintext                            1F8      1F8       6B        8       0
                cstackBANK0                          20       20       19       20       1
                cstackCOMMON                         76       76        6       70       1
                clrtext                             459      459        8        8       0
                bssBANK0                             39       39       11       20       1
                bssCOMMON                            70       70        6       70       1

TOTAL           Name                               Link     Load   Length     Space
        CLASS   STACK          

        CLASS   CODE           
                end_init                             12       12        3         0
                cinit                                15       15       13         0
                intentry                              4        4        E         0
                reset_vec                             0        0        3         0
                text15                              183      183       75         0
                text14                              2CB      2CB       45         0
                text13                              263      263       68         0
                text12                              351      351       3A         0
                text11                              3EE      3EE       2C         0
                text10                              41A      41A       16         0
                text9                               310      310       41         0
                text8                                28       28       C1         0
                text7                               3BD      3BD       31         0
                text6                               430      430        D         0
                text5                               38B      38B       32         0
                text4                               450      450        9         0
                text3                               447      447        9         0
                text2                               43D      43D        A         0
                text1                                E9       E9       9A         0
                maintext                            1F8      1F8       6B         0
                clrtext                             459      459        8         0

        CLASS   STRCODE        

        CLASS   STRING         

        CLASS   CONST          

        CLASS   ENTRY          

        CLASS   COMMON         
                cstackCOMMON                         76       76        6         1
                bssCOMMON                            70       70        6         1

        CLASS   BANK0          
                cstackBANK0                          20       20       19         1
                bssBANK0                             39       39       11         1

        CLASS   BANK1          

        CLASS   BANK2          

        CLASS   BANK3          

        CLASS   RAM            

        CLASS   ABS1           
                abs_s1                               7E       7E        2         1

        CLASS   SFR0           

        CLASS   SFR1           

        CLASS   SFR2           

        CLASS   SFR3           

        CLASS   CONFIG         
                config                             2007     2007        2         4

        CLASS   IDLOC          

        CLASS   EEDATA         



SEGMENTS        Name                           Load    Length   Top    Selector   Space  Class     Delta

                reset_vec                      000000  000003  000003         0       0  CODE        2
                intentry                       000004  00045D  000461         8       0  CODE        2
                cstackBANK0                    000020  00002A  00004A        20       1  BANK0       1
                bssCOMMON                      000070  00000C  00007C        70       1  COMMON      1


UNUSED ADDRESS RANGES

        Name                Unused          Largest block    Delta
        BANK0            004A-006F             26           1
        BANK1            00A0-00EF             50           1
        BANK2            0110-016F             60           1
        BANK3            0190-01EF             60           1
        CODE             0003-0003              1           2
                         0461-1FFF            800
        COMMON           007C-007D              2           1
        CONST            0003-0003              1           2
                         0461-1FFF            100
        EEDATA           2100-21FF            100           2
        ENTRY            0003-0003              1           2
                         0461-1FFF            100
        IDLOC            2000-2003              4           2
        RAM              004A-006F             26           1
                         00A0-00EF             50
                         0110-016F             60
                         0190-01EF             60
        SFR0             0000-001F             20           1
        SFR1             0080-009F             20           1
        SFR2             0100-010F             10           1
        SFR3             0180-018F             10           1
        STACK            0110-016F             60           1
        STRCODE          0003-0003              1           2
                         0461-1FFF           1B9F
        STRING           0003-0003              1           2
                         0461-1FFF            100

                                  Symbol Table

?_I2C_Master_Read          cstackBANK0  0020
?___lldiv                  cstackBANK0  0020
I2C_Master_Init@c          cstackBANK0  002E
I2C_Master_Read@a          cstackBANK0  0020
I2C_Master_Read@temp       cstackBANK0  0024
I2C_Master_Write@d         cstackBANK0  0020
_ANSEL                     (abs)        0188
_ANSELH                    (abs)        0189
_BAUDCTLbits               (abs)        0187
_GIE                       (abs)        005F
_I2C_Master_Init           text12       0351
_I2C_Master_Read           text5        038B
_I2C_Master_Start          text4        0450
_I2C_Master_Stop           text3        0447
_I2C_Master_Wait           text6        0430
_I2C_Master_Write          text2        043D
_INTCONbits                (abs)        000B
_ISR                       text14       02CB
_OPTION_REG                (abs)        0081
_OSCCONbits                (abs)        008F
_PEIE                      (abs)        005E
_PIE1bits                  (abs)        008C
_PIR1bits                  (abs)        000C
_PORTA                     (abs)        0005
_PORTB                     (abs)        0006
_PORTBbits                 (abs)        0006
_RCREG                     (abs)        001A
_RCSTAbits                 (abs)        0018
_SPBRG                     (abs)        0099
_SPBRGH                    (abs)        009A
_SSPADD                    (abs)        0093
_SSPBUF                    (abs)        0013
_SSPCON                    (abs)        0014
_SSPCON2                   (abs)        0091
_SSPCON2bits               (abs)        0091
_SSPIE                     (abs)        0463
_SSPIF                     (abs)        0063
_SSPSTAT                   (abs)        0094
_Setup                     text11       03EE
_TMR0                      (abs)        0001
_TRISB                     (abs)        0086
_TRISC                     (abs)        0087
_TRISC3                    (abs)        043B
_TRISC4                    (abs)        043C
_TRISCbits                 (abs)        0087
_TXREG                     (abs)        0019
_TXSTAbits                 (abs)        0098
_USARTconf                 text10       041A
__Habs1                    abs1         0000
__Hbank0                   bank0        0000
__Hbank1                   bank1        0000
__Hbank2                   bank2        0000
__Hbank3                   bank3        0000
__HbssBANK0                bssBANK0     0000
__HbssCOMMON               bssCOMMON    0000
__Hcinit                   cinit        0028
__Hclrtext                 clrtext      0000
__Hcode                    code         0000
__Hcommon                  common       0000
__Hconfig                  config       2009
__HcstackBANK0             cstackBANK0  0000
__HcstackCOMMON            cstackCOMMON 0000
__Heeprom_data             eeprom_data  0000
__Hend_init                end_init     0015
__Hfunctab                 functab      0000
__Hinit                    init         0012
__Hintentry                intentry     0012
__Hmaintext                maintext     0000
__Hpowerup                 powerup      0000
__Hram                     ram          0000
__Hreset_vec               reset_vec    0003
__Hsfr0                    sfr0         0000
__Hsfr1                    sfr1         0000
__Hsfr2                    sfr2         0000
__Hsfr3                    sfr3         0000
__Hspace_0                 (abs)        0461
__Hspace_1                 (abs)        007C
__Hspace_2                 (abs)        0000
__Hspace_3                 (abs)        0000
__Hspace_4                 (abs)        4010
__Hstack                   stack        0000
__Hstrings                 strings      0000
__Htext                    text         0000
__Labs1                    abs1         0000
__Lbank0                   bank0        0000
__Lbank1                   bank1        0000
__Lbank2                   bank2        0000
__Lbank3                   bank3        0000
__LbssBANK0                bssBANK0     0000
__LbssCOMMON               bssCOMMON    0000
__Lcinit                   cinit        0015
__Lclrtext                 clrtext      0000
__Lcode                    code         0000
__Lcommon                  common       0000
__Lconfig                  config       0000
__LcstackBANK0             cstackBANK0  0000
__LcstackCOMMON            cstackCOMMON 0000
__Leeprom_data             eeprom_data  0000
__Lend_init                end_init     0012
__Lfunctab                 functab      0000
__Linit                    init         0012
__Lintentry                intentry     0004
__Lmaintext                maintext     0000
__Lpowerup                 powerup      0000
__Lram                     ram          0000
__Lreset_vec               reset_vec    0000
__Lsfr0                    sfr0         0000
__Lsfr1                    sfr1         0000
__Lsfr2                    sfr2         0000
__Lsfr3                    sfr3         0000
__Lspace_0                 (abs)        0000
__Lspace_1                 (abs)        0000
__Lspace_2                 (abs)        0000
__Lspace_3                 (abs)        0000
__Lspace_4                 (abs)        0000
__Lstack                   stack        0000
__Lstrings                 strings      0000
__Ltext                    text         0000
__S0                       (abs)        0461
__S1                       (abs)        007C
__S2                       (abs)        0000
__S3                       (abs)        0000
___int_sp                  stack        0000
___latbits                 (abs)        0002
___lldiv                   text13       0263
___lldiv@counter           cstackBANK0  002D
___lldiv@dividend          cstackBANK0  0024
___lldiv@divisor           cstackBANK0  0020
___lldiv@quotient          cstackBANK0  0029
___sp                      stack        0000
___stackhi                 (abs)        0000
___stacklo                 (abs)        0000
__end_of_I2C_Master_Init   text12       038B
__end_of_I2C_Master_Read   text5        03BD
__end_of_I2C_Master_Start  text4        0459
__end_of_I2C_Master_Stop   text3        0450
__end_of_I2C_Master_Wait   text6        043D
__end_of_I2C_Master_Write  text2        0447
__end_of_ISR               text14       0310
__end_of_Setup             text11       041A
__end_of_USARTconf         text10       0430
__end_of___lldiv           text13       02CB
__end_of__initialization   cinit        0024
__end_of_convertirBCD      text8        00E9
__end_of_envio             text15       01F8
__end_of_initOsc           text7        03EE
__end_of_main              maintext     0263
__end_of_num_ascii         text9        0351
__end_of_recibir_tiempo    text1        0183
__initialization           cinit        0015
__pbssBANK0                bssBANK0     0039
__pbssCOMMON               bssCOMMON    0070
__pcstackBANK0             cstackBANK0  0020
__pcstackCOMMON            cstackCOMMON 0076
__pintentry                intentry     0004
__pmaintext                maintext     01F8
__ptext1                   text1        00E9
__ptext10                  text10       041A
__ptext11                  text11       03EE
__ptext12                  text12       0351
__ptext13                  text13       0263
__ptext14                  text14       02CB
__ptext15                  text15       0183
__ptext2                   text2        043D
__ptext3                   text3        0447
__ptext4                   text4        0450
__ptext5                   text5        038B
__ptext6                   text6        0430
__ptext7                   text7        03BD
__ptext8                   text8        0028
__ptext9                   text9        0310
__size_of_I2C_Master_Init  (abs)        0000
__size_of_I2C_Master_Read  (abs)        0000
__size_of_I2C_Master_Start (abs)        0000
__size_of_I2C_Master_Stop  (abs)        0000
__size_of_I2C_Master_Wait  (abs)        0000
__size_of_I2C_Master_Write (abs)        0000
__size_of_ISR              (abs)        0000
__size_of_Setup            (abs)        0000
__size_of_USARTconf        (abs)        0000
__size_of___lldiv          (abs)        0000
__size_of_convertirBCD     (abs)        0000
__size_of_envio            (abs)        0000
__size_of_initOsc          (abs)        0000
__size_of_main             (abs)        0000
__size_of_num_ascii        (abs)        0000
__size_of_recibir_tiempo   (abs)        0000
_ano                       bssBANK0     003E
_anoD                      bssBANK0     003D
_anoU                      bssBANK0     003C
_basura                    bssBANK0     003B
_convertirBCD              text8        0028
_dato_esp                  bssCOMMON    0070
_dia                       bssCOMMON    0072
_diaD                      bssBANK0     0042
_diaU                      bssBANK0     0041
_envio                     text15       0183
_hora                      bssCOMMON    0073
_horaD                     bssBANK0     0044
_horaU                     bssBANK0     0043
_initOsc                   text7        03BD
_main                      maintext     01F8
_mes                       bssCOMMON    0071
_mesD                      bssBANK0     0040
_mesU                      bssBANK0     003F
_min                       bssCOMMON    0074
_minD                      bssBANK0     0046
_minU                      bssBANK0     0045
_num_ascii                 text9        0310
_recibir_tiempo            text1        00E9
_seg                       bssCOMMON    0075
_segD                      bssBANK0     0048
_segU                      bssBANK0     0047
_toggleTX                  bssBANK0     0039
_var                       bssBANK0     0049
btemp                      (abs)        007E
clear_ram0                 clrtext      0459
end_of_initialization      cinit        0024
initOsc@frec               cstackBANK0  0022
interrupt_function         intentry     0004
intlevel0                  functab      0000
intlevel1                  functab      0000
intlevel2                  functab      0000
intlevel3                  functab      0000
intlevel4                  functab      0000
intlevel5                  functab      0000
num_ascii@num              cstackBANK0  0022
reset_vec                  reset_vec    0000
saved_w                    (abs)        007E
start                      init         0012
start_initialization       cinit        0015
wtemp0                     (abs)        007E


FUNCTION INFORMATION:

 *************** function _main *****************
 Defined at:
		line 109 in file "C:/Users/Carlo/OneDrive/Documentos/Quinto Semestre/Digital2/Proyecto2/I2CPJ2.X/main.c"
 Parameters:    Size  Location     Type
		None
 Auto vars:     Size  Location     Type
		None
 Return value:  Size  Location     Type
                  1    wreg      void 
 Registers used:
		wreg, fsr0l, fsr0h, status,2, status,0, btemp+1, pclath, cstack
 Tracked objects:
		On entry : 
		On exit  : 
		Unchanged: 
 Data sizes:     COMMON   BANK0   BANK1   BANK3   BANK2
      Params:         0       0       0       0       0
      Locals:         0       0       0       0       0
      Temps:          0       3       0       0       0
      Totals:         0       3       0       0       0
Total ram usage:        3 bytes
 Hardware stack levels required when called:    5
 This function calls:
		_Setup
		_USARTconf
		_convertirBCD
		_initOsc
		_recibir_tiempo
 This function is called by:
		Startup code after reset
 This function uses a non-reentrant model


 *************** function _recibir_tiempo *****************
 Defined at:
		line 190 in file "C:/Users/Carlo/OneDrive/Documentos/Quinto Semestre/Digital2/Proyecto2/I2CPJ2.X/main.c"
 Parameters:    Size  Location     Type
		None
 Auto vars:     Size  Location     Type
		None
 Return value:  Size  Location     Type
                  1    wreg      void 
 Registers used:
		wreg, status,2, status,0, btemp+1, pclath, cstack
 Tracked objects:
		On entry : 
		On exit  : 
		Unchanged: 
 Data sizes:     COMMON   BANK0   BANK1   BANK3   BANK2
      Params:         0       0       0       0       0
      Locals:         0       0       0       0       0
      Temps:          0       0       0       0       0
      Totals:         0       0       0       0       0
Total ram usage:        0 bytes
 Hardware stack levels used:    1
 Hardware stack levels required when called:    4
 This function calls:
		_I2C_Master_Read
		_I2C_Master_Start
		_I2C_Master_Stop
		_I2C_Master_Write
 This function is called by:
		_main
 This function uses a non-reentrant model


 *************** function _I2C_Master_Write *****************
 Defined at:
		line 65 in file "C:/Users/Carlo/OneDrive/Documentos/Quinto Semestre/Digital2/Proyecto2/I2CPJ2.X/I2C.c"
 Parameters:    Size  Location     Type
  d               2    0[BANK0 ] unsigned int 
 Auto vars:     Size  Location     Type
		None
 Return value:  Size  Location     Type
                  1    wreg      void 
 Registers used:
		wreg, status,2, status,0, pclath, cstack
 Tracked objects:
		On entry : 
		On exit  : 
		Unchanged: 
 Data sizes:     COMMON   BANK0   BANK1   BANK3   BANK2
      Params:         0       2       0       0       0
      Locals:         0       0       0       0       0
      Temps:          0       0       0       0       0
      Totals:         0       2       0       0       0
Total ram usage:        2 bytes
 Hardware stack levels used:    1
 Hardware stack levels required when called:    3
 This function calls:
		_I2C_Master_Wait
 This function is called by:
		_recibir_tiempo
		_escribir_tiempo
 This function uses a non-reentrant model


 *************** function _I2C_Master_Stop *****************
 Defined at:
		line 55 in file "C:/Users/Carlo/OneDrive/Documentos/Quinto Semestre/Digital2/Proyecto2/I2CPJ2.X/I2C.c"
 Parameters:    Size  Location     Type
		None
 Auto vars:     Size  Location     Type
		None
 Return value:  Size  Location     Type
                  1    wreg      void 
 Registers used:
		wreg, status,2, status,0, pclath, cstack
 Tracked objects:
		On entry : 
		On exit  : 
		Unchanged: 
 Data sizes:     COMMON   BANK0   BANK1   BANK3   BANK2
      Params:         0       0       0       0       0
      Locals:         0       0       0       0       0
      Temps:          0       0       0       0       0
      Totals:         0       0       0       0       0
Total ram usage:        0 bytes
 Hardware stack levels used:    1
 Hardware stack levels required when called:    3
 This function calls:
		_I2C_Master_Wait
 This function is called by:
		_recibir_tiempo
		_escribir_tiempo
 This function uses a non-reentrant model


 *************** function _I2C_Master_Start *****************
 Defined at:
		line 39 in file "C:/Users/Carlo/OneDrive/Documentos/Quinto Semestre/Digital2/Proyecto2/I2CPJ2.X/I2C.c"
 Parameters:    Size  Location     Type
		None
 Auto vars:     Size  Location     Type
		None
 Return value:  Size  Location     Type
                  1    wreg      void 
 Registers used:
		wreg, status,2, status,0, pclath, cstack
 Tracked objects:
		On entry : 
		On exit  : 
		Unchanged: 
 Data sizes:     COMMON   BANK0   BANK1   BANK3   BANK2
      Params:         0       0       0       0       0
      Locals:         0       0       0       0       0
      Temps:          0       0       0       0       0
      Totals:         0       0       0       0       0
Total ram usage:        0 bytes
 Hardware stack levels used:    1
 Hardware stack levels required when called:    3
 This function calls:
		_I2C_Master_Wait
 This function is called by:
		_recibir_tiempo
		_escribir_tiempo
 This function uses a non-reentrant model


 *************** function _I2C_Master_Read *****************
 Defined at:
		line 74 in file "C:/Users/Carlo/OneDrive/Documentos/Quinto Semestre/Digital2/Proyecto2/I2CPJ2.X/I2C.c"
 Parameters:    Size  Location     Type
  a               2    0[BANK0 ] unsigned short 
 Auto vars:     Size  Location     Type
  temp            2    4[BANK0 ] unsigned short 
 Return value:  Size  Location     Type
                  2    0[BANK0 ] unsigned short 
 Registers used:
		wreg, status,2, status,0, pclath, cstack
 Tracked objects:
		On entry : 
		On exit  : 
		Unchanged: 
 Data sizes:     COMMON   BANK0   BANK1   BANK3   BANK2
      Params:         0       2       0       0       0
      Locals:         0       2       0       0       0
      Temps:          0       2       0       0       0
      Totals:         0       6       0       0       0
Total ram usage:        6 bytes
 Hardware stack levels used:    1
 Hardware stack levels required when called:    3
 This function calls:
		_I2C_Master_Wait
 This function is called by:
		_recibir_tiempo
 This function uses a non-reentrant model


 *************** function _I2C_Master_Wait *****************
 Defined at:
		line 32 in file "C:/Users/Carlo/OneDrive/Documentos/Quinto Semestre/Digital2/Proyecto2/I2CPJ2.X/I2C.c"
 Parameters:    Size  Location     Type
		None
 Auto vars:     Size  Location     Type
		None
 Return value:  Size  Location     Type
                  1    wreg      void 
 Registers used:
		wreg, status,2
 Tracked objects:
		On entry : 
		On exit  : 
		Unchanged: 
 Data sizes:     COMMON   BANK0   BANK1   BANK3   BANK2
      Params:         0       0       0       0       0
      Locals:         0       0       0       0       0
      Temps:          0       0       0       0       0
      Totals:         0       0       0       0       0
Total ram usage:        0 bytes
 Hardware stack levels used:    1
 Hardware stack levels required when called:    2
 This function calls:
		Nothing
 This function is called by:
		_I2C_Master_Start
		_I2C_Master_Stop
		_I2C_Master_Write
		_I2C_Master_Read
		_I2C_Master_RepeatedStart
 This function uses a non-reentrant model


 *************** function _initOsc *****************
 Defined at:
		line 7 in file "C:/Users/Carlo/OneDrive/Documentos/Quinto Semestre/Digital2/Proyecto2/I2CPJ2.X/Osc.c"
 Parameters:    Size  Location     Type
  frec            1    wreg     unsigned char 
 Auto vars:     Size  Location     Type
  frec            1    2[BANK0 ] unsigned char 
 Return value:  Size  Location     Type
                  1    wreg      void 
 Registers used:
		wreg, fsr0l, fsr0h, status,2, status,0
 Tracked objects:
		On entry : 
		On exit  : 
		Unchanged: 
 Data sizes:     COMMON   BANK0   BANK1   BANK3   BANK2
      Params:         0       0       0       0       0
      Locals:         0       1       0       0       0
      Temps:          0       2       0       0       0
      Totals:         0       3       0       0       0
Total ram usage:        3 bytes
 Hardware stack levels used:    1
 Hardware stack levels required when called:    2
 This function calls:
		Nothing
 This function is called by:
		_main
 This function uses a non-reentrant model


 *************** function _convertirBCD *****************
 Defined at:
		line 210 in file "C:/Users/Carlo/OneDrive/Documentos/Quinto Semestre/Digital2/Proyecto2/I2CPJ2.X/main.c"
 Parameters:    Size  Location     Type
		None
 Auto vars:     Size  Location     Type
		None
 Return value:  Size  Location     Type
                  1    wreg      void 
 Registers used:
		wreg, fsr0l, fsr0h, status,2, status,0, btemp+1, pclath, cstack
 Tracked objects:
		On entry : 
		On exit  : 
		Unchanged: 
 Data sizes:     COMMON   BANK0   BANK1   BANK3   BANK2
      Params:         0       0       0       0       0
      Locals:         0       0       0       0       0
      Temps:          0       1       0       0       0
      Totals:         0       1       0       0       0
Total ram usage:        1 bytes
 Hardware stack levels used:    1
 Hardware stack levels required when called:    3
 This function calls:
		_num_ascii
 This function is called by:
		_main
 This function uses a non-reentrant model


 *************** function _num_ascii *****************
 Defined at:
		line 3 in file "C:/Users/Carlo/OneDrive/Documentos/Quinto Semestre/Digital2/Proyecto2/I2CPJ2.X/ASCII_NUM.c"
 Parameters:    Size  Location     Type
  num             1    wreg     unsigned char 
 Auto vars:     Size  Location     Type
  num             1    2[BANK0 ] unsigned char 
 Return value:  Size  Location     Type
                  1    wreg      unsigned char 
 Registers used:
		wreg, fsr0l, fsr0h, status,2, status,0
 Tracked objects:
		On entry : 
		On exit  : 
		Unchanged: 
 Data sizes:     COMMON   BANK0   BANK1   BANK3   BANK2
      Params:         0       0       0       0       0
      Locals:         0       1       0       0       0
      Temps:          0       2       0       0       0
      Totals:         0       3       0       0       0
Total ram usage:        3 bytes
 Hardware stack levels used:    1
 Hardware stack levels required when called:    2
 This function calls:
		Nothing
 This function is called by:
		_convertirBCD
 This function uses a non-reentrant model


 *************** function _USARTconf *****************
 Defined at:
		line 3 in file "C:/Users/Carlo/OneDrive/Documentos/Quinto Semestre/Digital2/Proyecto2/I2CPJ2.X/usart.c"
 Parameters:    Size  Location     Type
		None
 Auto vars:     Size  Location     Type
		None
 Return value:  Size  Location     Type
                  1    wreg      void 
 Registers used:
		wreg, status,2
 Tracked objects:
		On entry : 
		On exit  : 
		Unchanged: 
 Data sizes:     COMMON   BANK0   BANK1   BANK3   BANK2
      Params:         0       0       0       0       0
      Locals:         0       0       0       0       0
      Temps:          0       0       0       0       0
      Totals:         0       0       0       0       0
Total ram usage:        0 bytes
 Hardware stack levels used:    1
 Hardware stack levels required when called:    2
 This function calls:
		Nothing
 This function is called by:
		_main
 This function uses a non-reentrant model


 *************** function _Setup *****************
 Defined at:
		line 149 in file "C:/Users/Carlo/OneDrive/Documentos/Quinto Semestre/Digital2/Proyecto2/I2CPJ2.X/main.c"
 Parameters:    Size  Location     Type
		None
 Auto vars:     Size  Location     Type
		None
 Return value:  Size  Location     Type
                  1    wreg      void 
 Registers used:
		wreg, status,2, status,0, btemp+1, pclath, cstack
 Tracked objects:
		On entry : 
		On exit  : 
		Unchanged: 
 Data sizes:     COMMON   BANK0   BANK1   BANK3   BANK2
      Params:         0       0       0       0       0
      Locals:         0       0       0       0       0
      Temps:          0       0       0       0       0
      Totals:         0       0       0       0       0
Total ram usage:        0 bytes
 Hardware stack levels used:    1
 Hardware stack levels required when called:    4
 This function calls:
		_I2C_Master_Init
 This function is called by:
		_main
 This function uses a non-reentrant model


 *************** function _I2C_Master_Init *****************
 Defined at:
		line 16 in file "C:/Users/Carlo/OneDrive/Documentos/Quinto Semestre/Digital2/Proyecto2/I2CPJ2.X/I2C.c"
 Parameters:    Size  Location     Type
  c               4   14[BANK0 ] const unsigned long 
 Auto vars:     Size  Location     Type
		None
 Return value:  Size  Location     Type
                  1    wreg      void 
 Registers used:
		wreg, status,2, status,0, btemp+1, pclath, cstack
 Tracked objects:
		On entry : 
		On exit  : 
		Unchanged: 
 Data sizes:     COMMON   BANK0   BANK1   BANK3   BANK2
      Params:         0       4       0       0       0
      Locals:         0       0       0       0       0
      Temps:          0       4       0       0       0
      Totals:         0       8       0       0       0
Total ram usage:        8 bytes
 Hardware stack levels used:    1
 Hardware stack levels required when called:    3
 This function calls:
		___lldiv
 This function is called by:
		_Setup
 This function uses a non-reentrant model


 *************** function ___lldiv *****************
 Defined at:
		line 5 in file "C:\Program Files\Microchip\xc8\v2.20\pic\sources\c90\common\__lldiv.c"
 Parameters:    Size  Location     Type
  divisor         4    0[BANK0 ] unsigned long 
  dividend        4    4[BANK0 ] unsigned long 
 Auto vars:     Size  Location     Type
  quotient        4    9[BANK0 ] unsigned long 
  counter         1   13[BANK0 ] unsigned char 
 Return value:  Size  Location     Type
                  4    0[BANK0 ] unsigned long 
 Registers used:
		wreg, status,2, status,0, btemp+1
 Tracked objects:
		On entry : 
		On exit  : 
		Unchanged: 
 Data sizes:     COMMON   BANK0   BANK1   BANK3   BANK2
      Params:         0       8       0       0       0
      Locals:         0       5       0       0       0
      Temps:          0       1       0       0       0
      Totals:         0      14       0       0       0
Total ram usage:       14 bytes
 Hardware stack levels used:    1
 Hardware stack levels required when called:    2
 This function calls:
		Nothing
 This function is called by:
		_I2C_Master_Init
 This function uses a non-reentrant model


 *************** function _ISR *****************
 Defined at:
		line 84 in file "C:/Users/Carlo/OneDrive/Documentos/Quinto Semestre/Digital2/Proyecto2/I2CPJ2.X/main.c"
 Parameters:    Size  Location     Type
		None
 Auto vars:     Size  Location     Type
		None
 Return value:  Size  Location     Type
                  1    wreg      void 
 Registers used:
		wreg, fsr0l, fsr0h, status,2, status,0, btemp+1, pclath, cstack
 Tracked objects:
		On entry : 
		On exit  : 
		Unchanged: 
 Data sizes:     COMMON   BANK0   BANK1   BANK3   BANK2
      Params:         0       0       0       0       0
      Locals:         0       0       0       0       0
      Temps:          4       0       0       0       0
      Totals:         4       0       0       0       0
Total ram usage:        4 bytes
 Hardware stack levels used:    1
 Hardware stack levels required when called:    1
 This function calls:
		_envio
 This function is called by:
		Interrupt level 1
 This function uses a non-reentrant model


 *************** function _envio *****************
 Defined at:
		line 227 in file "C:/Users/Carlo/OneDrive/Documentos/Quinto Semestre/Digital2/Proyecto2/I2CPJ2.X/main.c"
 Parameters:    Size  Location     Type
		None
 Auto vars:     Size  Location     Type
		None
 Return value:  Size  Location     Type
                  1    wreg      void 
 Registers used:
		wreg, fsr0l, fsr0h, status,2, status,0
 Tracked objects:
		On entry : 
		On exit  : 
		Unchanged: 
 Data sizes:     COMMON   BANK0   BANK1   BANK3   BANK2
      Params:         0       0       0       0       0
      Locals:         0       0       0       0       0
      Temps:          2       0       0       0       0
      Totals:         2       0       0       0       0
Total ram usage:        2 bytes
 Hardware stack levels used:    1
 This function calls:
		Nothing
 This function is called by:
		_ISR
 This function uses a non-reentrant model



MODULE INFORMATION

Module		Function		Class		Link	Load	Size
C:/Users/Carlo/OneDrive/Documentos/Quinto Semestre/Digital2/Proyecto2/I2CPJ2.X/Osc.c
		_initOsc       		CODE           	03BD	0000	50

C:/Users/Carlo/OneDrive/Documentos/Quinto Semestre/Digital2/Proyecto2/I2CPJ2.X/Osc.c estimated size: 50

C:\Program Files\Microchip\xc8\v2.20\pic\sources\c90\common\__lldiv.c
		___lldiv       		CODE           	0263	0000	105

C:\Program Files\Microchip\xc8\v2.20\pic\sources\c90\common\__lldiv.c estimated size: 105

C:/Users/Carlo/OneDrive/Documentos/Quinto Semestre/Digital2/Proyecto2/I2CPJ2.X/I2C.c
		_I2C_Master_Read		CODE           	038B	0000	51
		_I2C_Master_Wait		CODE           	0430	0000	14
		_I2C_Master_Init		CODE           	0351	0000	59
		_I2C_Master_Stop		CODE           	0447	0000	10
		_I2C_Master_Write		CODE           	043D	0000	11
		_I2C_Master_Start		CODE           	0450	0000	10

C:/Users/Carlo/OneDrive/Documentos/Quinto Semestre/Digital2/Proyecto2/I2CPJ2.X/I2C.c estimated size: 155

shared
		__initialization		CODE           	0015	0000	16

shared estimated size: 16

C:/Users/Carlo/OneDrive/Documentos/Quinto Semestre/Digital2/Proyecto2/I2CPJ2.X/main.c
		_ISR           		CODE           	02CB	0000	70
		_main          		CODE           	01F8	0000	108
		_Setup         		CODE           	03EE	0000	45
		_recibir_tiempo		CODE           	00E9	0000	155
		_envio         		CODE           	0183	0000	118
		_convertirBCD  		CODE           	0028	0000	194

C:/Users/Carlo/OneDrive/Documentos/Quinto Semestre/Digital2/Proyecto2/I2CPJ2.X/main.c estimated size: 690

C:/Users/Carlo/OneDrive/Documentos/Quinto Semestre/Digital2/Proyecto2/I2CPJ2.X/usart.c
		_USARTconf     		CODE           	041A	0000	23

C:/Users/Carlo/OneDrive/Documentos/Quinto Semestre/Digital2/Proyecto2/I2CPJ2.X/usart.c estimated size: 23

C:/Users/Carlo/OneDrive/Documentos/Quinto Semestre/Digital2/Proyecto2/I2CPJ2.X/ASCII_NUM.c
		_num_ascii     		CODE           	0310	0000	66

C:/Users/Carlo/OneDrive/Documentos/Quinto Semestre/Digital2/Proyecto2/I2CPJ2.X/ASCII_NUM.c estimated size: 66

